Component: ARM Compiler 5.06 update 5 (build 528) Tool: armlink [4d35e2]

==============================================================================

Section Cross References

    startup_stm32f411xe.o(STACK) refers (Special) to heapauxi.o(.text) for __use_two_region_memory
    startup_stm32f411xe.o(HEAP) refers (Special) to heapauxi.o(.text) for __use_two_region_memory
    startup_stm32f411xe.o(RESET) refers (Special) to heapauxi.o(.text) for __use_two_region_memory
    startup_stm32f411xe.o(RESET) refers to startup_stm32f411xe.o(STACK) for __initial_sp
    startup_stm32f411xe.o(RESET) refers to startup_stm32f411xe.o(.text) for Reset_Handler
    startup_stm32f411xe.o(RESET) refers to stm32f4xx_it.o(i.NMI_Handler) for NMI_Handler
    startup_stm32f411xe.o(RESET) refers to stm32f4xx_it.o(i.HardFault_Handler) for HardFault_Handler
    startup_stm32f411xe.o(RESET) refers to stm32f4xx_it.o(i.MemManage_Handler) for MemManage_Handler
    startup_stm32f411xe.o(RESET) refers to stm32f4xx_it.o(i.BusFault_Handler) for BusFault_Handler
    startup_stm32f411xe.o(RESET) refers to stm32f4xx_it.o(i.UsageFault_Handler) for UsageFault_Handler
    startup_stm32f411xe.o(RESET) refers to port.o(.emb_text) for SVC_Handler
    startup_stm32f411xe.o(RESET) refers to stm32f4xx_it.o(i.DebugMon_Handler) for DebugMon_Handler
    startup_stm32f411xe.o(RESET) refers to port.o(i.SysTick_Handler) for SysTick_Handler
    startup_stm32f411xe.o(RESET) refers to stm32f4xx_it.o(i.TIM4_IRQHandler) for TIM4_IRQHandler
    startup_stm32f411xe.o(RESET) refers to stm32f4xx_it.o(i.USART1_IRQHandler) for USART1_IRQHandler
    startup_stm32f411xe.o(RESET) refers to stm32f4xx_it.o(i.USART2_IRQHandler) for USART2_IRQHandler
    startup_stm32f411xe.o(RESET) refers to stm32f4xx_it.o(i.TIM5_IRQHandler) for TIM5_IRQHandler
    startup_stm32f411xe.o(.text) refers (Special) to heapauxi.o(.text) for __use_two_region_memory
    startup_stm32f411xe.o(.text) refers to system_stm32f4xx.o(i.SystemInit) for SystemInit
    startup_stm32f411xe.o(.text) refers to __main.o(!!!main) for __main
    startup_stm32f411xe.o(.text) refers to startup_stm32f411xe.o(HEAP) for Heap_Mem
    startup_stm32f411xe.o(.text) refers to startup_stm32f411xe.o(STACK) for Stack_Mem
    mpu6050.o(i.MPU6050_Data) refers to dflt_clz.o(x$fpl$dflt) for __aeabi_i2d
    mpu6050.o(i.MPU6050_Data) refers to dmul.o(x$fpl$dmul) for __aeabi_dmul
    mpu6050.o(i.MPU6050_Data) refers to d2f.o(x$fpl$d2f) for __aeabi_d2f
    mpu6050.o(i.MPU6050_Data) refers to ddiv.o(x$fpl$ddiv) for __aeabi_ddiv
    mpu6050.o(i.MPU6050_Data) refers to daddsub_clz.o(x$fpl$dadd) for __aeabi_dadd
    mpu6050.o(i.MPU6050_Data) refers to mpu6050.o(.bss) for .bss
    mpu6050.o(i.MPU6050_Data) refers to mpu6050.o(.data) for .data
    main.o(i.HAL_TIM_PeriodElapsedCallback) refers to stm32f4xx_hal.o(i.HAL_IncTick) for HAL_IncTick
    main.o(i.SystemClock_Config) refers to rt_memclr_w.o(.text) for __aeabi_memclr4
    main.o(i.SystemClock_Config) refers to stm32f4xx_hal_rcc.o(i.HAL_RCC_OscConfig) for HAL_RCC_OscConfig
    main.o(i.SystemClock_Config) refers to stm32f4xx_hal_rcc.o(i.HAL_RCC_ClockConfig) for HAL_RCC_ClockConfig
    main.o(i.main) refers to stm32f4xx_hal.o(i.HAL_Init) for HAL_Init
    main.o(i.main) refers to main.o(i.SystemClock_Config) for SystemClock_Config
    main.o(i.main) refers to gpio.o(i.MX_GPIO_Init) for MX_GPIO_Init
    main.o(i.main) refers to tim.o(i.MX_TIM1_Init) for MX_TIM1_Init
    main.o(i.main) refers to tim.o(i.MX_TIM2_Init) for MX_TIM2_Init
    main.o(i.main) refers to tim.o(i.MX_TIM3_Init) for MX_TIM3_Init
    main.o(i.main) refers to usart.o(i.MX_USART1_UART_Init) for MX_USART1_UART_Init
    main.o(i.main) refers to usart.o(i.MX_USART2_UART_Init) for MX_USART2_UART_Init
    main.o(i.main) refers to tim.o(i.MX_TIM4_Init) for MX_TIM4_Init
    main.o(i.main) refers to stm32f4xx_hal_gpio.o(i.HAL_GPIO_WritePin) for HAL_GPIO_WritePin
    main.o(i.main) refers to stm32f4xx_hal_tim.o(i.HAL_TIM_Base_Start) for HAL_TIM_Base_Start
    main.o(i.main) refers to stm32f4xx_hal_tim.o(i.HAL_TIM_Base_Start_IT) for HAL_TIM_Base_Start_IT
    main.o(i.main) refers to stm32f4xx_hal_tim.o(i.HAL_TIM_PWM_Start) for HAL_TIM_PWM_Start
    main.o(i.main) refers to stm32f4xx_hal_uart.o(i.HAL_UART_Receive_IT) for HAL_UART_Receive_IT
    main.o(i.main) refers to freertos.o(i.MX_FREERTOS_Init) for MX_FREERTOS_Init
    main.o(i.main) refers to cmsis_os.o(i.osKernelStart) for osKernelStart
    main.o(i.main) refers to tim.o(.bss) for htim1
    main.o(i.main) refers to stm32f4xx_it.o(.data) for receiveBt
    main.o(i.main) refers to usart.o(.bss) for huart1
    main.o(i.main) refers to freertos.o(.bss) for rebuf
    gpio.o(i.MX_GPIO_Init) refers to rt_memclr_w.o(.text) for __aeabi_memclr4
    gpio.o(i.MX_GPIO_Init) refers to stm32f4xx_hal_gpio.o(i.HAL_GPIO_WritePin) for HAL_GPIO_WritePin
    gpio.o(i.MX_GPIO_Init) refers to stm32f4xx_hal_gpio.o(i.HAL_GPIO_Init) for HAL_GPIO_Init
[...]
    .text                                    0x08000550   Section        2  use_no_semi.o(.text)
    .text                                    0x08000552   Section        0  indicate_semi.o(.text)
    i.BusFault_Handler                       0x08000552   Section        0  stm32f4xx_it.o(i.BusFault_Handler)
    i.DebugMon_Handler                       0x08000554   Section        0  stm32f4xx_it.o(i.DebugMon_Handler)
    i.Error_Handler                          0x08000556   Section        0  main.o(i.Error_Handler)
    i.HAL_DMA_Abort                          0x0800055a   Section        0  stm32f4xx_hal_dma.o(i.HAL_DMA_Abort)
    i.HAL_DMA_Abort_IT                       0x080005ec   Section        0  stm32f4xx_hal_dma.o(i.HAL_DMA_Abort_IT)
    i.HAL_GPIO_Init                          0x08000610   Section        0  stm32f4xx_hal_gpio.o(i.HAL_GPIO_Init)
    i.HAL_GPIO_WritePin                      0x080007f0   Section        0  stm32f4xx_hal_gpio.o(i.HAL_GPIO_WritePin)
    i.HAL_GetTick                            0x080007fc   Section        0  stm32f4xx_hal.o(i.HAL_GetTick)
    i.HAL_IncTick                            0x08000808   Section        0  stm32f4xx_hal.o(i.HAL_IncTick)
    i.HAL_Init                               0x08000818   Section        0  stm32f4xx_hal.o(i.HAL_Init)
    i.HAL_InitTick                           0x0800084c   Section        0  stm32f4xx_hal_timebase_tim.o(i.HAL_InitTick)
    i.HAL_MspInit                            0x080008e4   Section        0  stm32f4xx_hal_msp.o(i.HAL_MspInit)
    i.HAL_NVIC_EnableIRQ                     0x0800091c   Section        0  stm32f4xx_hal_cortex.o(i.HAL_NVIC_EnableIRQ)
    i.HAL_NVIC_SetPriority                   0x08000938   Section        0  stm32f4xx_hal_cortex.o(i.HAL_NVIC_SetPriority)
    i.HAL_NVIC_SetPriorityGrouping           0x08000978   Section        0  stm32f4xx_hal_cortex.o(i.HAL_NVIC_SetPriorityGrouping)
    i.HAL_RCC_ClockConfig                    0x0800099c   Section        0  stm32f4xx_hal_rcc.o(i.HAL_RCC_ClockConfig)
    i.HAL_RCC_GetClockConfig                 0x08000ad0   Section        0  stm32f4xx_hal_rcc.o(i.HAL_RCC_GetClockConfig)
    i.HAL_RCC_GetPCLK1Freq                   0x08000b10   Section        0  stm32f4xx_hal_rcc.o(i.HAL_RCC_GetPCLK1Freq)
    i.HAL_RCC_GetPCLK2Freq                   0x08000b30   Section        0  stm32f4xx_hal_rcc.o(i.HAL_RCC_GetPCLK2Freq)
    i.HAL_RCC_GetSysClockFreq                0x08000b50   Section        0  stm32f4xx_hal_rcc.o(i.HAL_RCC_GetSysClockFreq)
    i.HAL_RCC_OscConfig                      0x08000bb0   Section        0  stm32f4xx_hal_rcc.o(i.HAL_RCC_OscConfig)
    i.HAL_TIMEx_BreakCallback                0x08000f1c   Section        0  stm32f4xx_hal_tim_ex.o(i.HAL_TIMEx_BreakCallback)
    i.HAL_TIMEx_CommutCallback               0x08000f1e   Section        0  stm32f4xx_hal_tim_ex.o(i.HAL_TIMEx_CommutCallback)
    i.HAL_TIMEx_MasterConfigSynchronization  0x08000f20   Section        0  stm32f4xx_hal_tim_ex.o(i.HAL_TIMEx_MasterConfigSynchronization)
    i.HAL_TIM_Base_Init                      0x08000f9c   Section        0  stm32f4xx_hal_tim.o(i.HAL_TIM_Base_Init)
    i.HAL_TIM_Base_MspInit                   0x08000ff8   Section        0  tim.o(i.HAL_TIM_Base_MspInit)
    i.HAL_TIM_Base_Start                     0x08001034   Section        0  stm32f4xx_hal_tim.o(i.HAL_TIM_Base_Start)
    i.HAL_TIM_Base_Start_IT                  0x08001098   Section        0  stm32f4xx_hal_tim.o(i.HAL_TIM_Base_Start_IT)
    i.HAL_TIM_ConfigClockSource              0x08001104   Section        0  stm32f4xx_hal_tim.o(i.HAL_TIM_ConfigClockSource)
    i.HAL_TIM_Encoder_Init                   0x080011e0   Section        0  stm32f4xx_hal_tim.o(i.HAL_TIM_Encoder_Init)
    i.HAL_TIM_Encoder_MspInit                0x08001284   Section        0  tim.o(i.HAL_TIM_Encoder_MspInit)
    i.HAL_TIM_IC_CaptureCallback             0x0800131c   Section        0  stm32f4xx_hal_tim.o(i.HAL_TIM_IC_CaptureCallback)
    i.HAL_TIM_IRQHandler                     0x0800131e   Section        0  stm32f4xx_hal_tim.o(i.HAL_TIM_IRQHandler)
    i.HAL_TIM_MspPostInit                    0x08001484   Section        0  tim.o(i.HAL_TIM_MspPostInit)
    i.HAL_TIM_OC_DelayElapsedCallback        0x080014d4   Section        0  stm32f4xx_hal_tim.o(i.HAL_TIM_OC_DelayElapsedCallback)
    i.HAL_TIM_PWM_ConfigChannel              0x080014d6   Section        0  stm32f4xx_hal_tim.o(i.HAL_TIM_PWM_ConfigChannel)
    i.HAL_TIM_PWM_Init                       0x080015a2   Section        0  stm32f4xx_hal_tim.o(i.HAL_TIM_PWM_Init)
    i.HAL_TIM_PWM_MspInit                    0x080015fc   Section        0  tim.o(i.HAL_TIM_PWM_MspInit)
    i.HAL_TIM_PWM_PulseFinishedCallback      0x08001624   Section        0  stm32f4xx_hal_tim.o(i.HAL_TIM_PWM_PulseFinishedCallback)
    i.HAL_TIM_PWM_Start                      0x08001628   Section        0  stm32f4xx_hal_tim.o(i.HAL_TIM_PWM_Start)
    i.HAL_TIM_PeriodElapsedCallback          0x080016d8   Section        0  main.o(i.HAL_TIM_PeriodElapsedCallback)
    i.HAL_TIM_TriggerCallback                0x080016ec   Section        0  stm32f4xx_hal_tim.o(i.HAL_TIM_TriggerCallback)
    i.HAL_UARTEx_RxEventCallback             0x080016ee   Section        0  stm32f4xx_hal_uart.o(i.HAL_UARTEx_RxEventCallback)
    i.HAL_UART_ErrorCallback                 0x080016f0   Section        0  stm32f4xx_hal_uart.o(i.HAL_UART_ErrorCallback)
    i.HAL_UART_IRQHandler                    0x080016f4   Section        0  stm32f4xx_hal_uart.o(i.HAL_UART_IRQHandler)
    i.HAL_UART_Init                          0x0800195c   Section        0  stm32f4xx_hal_uart.o(i.HAL_UART_Init)
    i.HAL_UART_MspInit                       0x080019c0   Section        0  usart.o(i.HAL_UART_MspInit)
    i.HAL_UART_Receive_IT                    0x08001a88   Section        0  stm32f4xx_hal_uart.o(i.HAL_UART_Receive_IT)
    i.HAL_UART_RxCpltCallback                0x08001ab2   Section        0  stm32f4xx_hal_uart.o(i.HAL_UART_RxCpltCallback)
    i.HAL_UART_TxCpltCallback                0x08001ab4   Section        0  stm32f4xx_hal_uart.o(i.HAL_UART_TxCpltCallback)
    i.HardFault_Handler                      0x08001ab6   Section        0  stm32f4xx_it.o(i.HardFault_Handler)
    i.MPU6050_Data                           0x08001ab8   Section        0  mpu6050.o(i.MPU6050_Data)
    i.MX_FREERTOS_Init                       0x08001b9c   Section        0  freertos.o(i.MX_FREERTOS_Init)
    i.MX_GPIO_Init                           0x08001bc4   Section        0  gpio.o(i.MX_GPIO_Init)
    i.MX_TIM1_Init                           0x08001c80   Section        0  tim.o(i.MX_TIM1_Init)
    i.MX_TIM2_Init                           0x08001cec   Section        0  tim.o(i.MX_TIM2_Init)
    i.MX_TIM3_Init                           0x08001d54   Section        0  tim.o(i.MX_TIM3_Init)
    i.MX_TIM4_Init                           0x08001dd4   Section        0  tim.o(i.MX_TIM4_Init)
    i.MX_USART1_UART_Init                    0x08001e3c   Section        0  usart.o(i.MX_USART1_UART_Init)
    i.MX_USART2_UART_Init                    0x08001e74   Section        0  usart.o(i.MX_USART2_UART_Init)
    i.MemManage_Handler                      0x08001eac   Section        0  stm32f4xx_it.o(i.MemManage_Handler)
    i.NMI_Handler                            0x08001eae   Section        0  stm32f4xx_it.o(i.NMI_Handler)
    i.PID_angle_out                          0x08001eb0   Section        0  pid.o(i.PID_angle_out)
    i.PID_speed_out                          0x08001f30   Section        0  pid.o(i.PID_speed_out)
    i.StartDefaultTask                       0x08002058   Section        0  freertos.o(i.StartDefaultTask)
    i.SysTick_Handler                        0x080021b0   Section        0  port.o(i.SysTick_Handler)
    i.SystemClock_Config                     0x080021dc   Section        0  main.o(i.SystemClock_Config)
    i.SystemInit                             0x0800226c   Section        0  system_stm32f4xx.o(i.SystemInit)
    i.TIM4_IRQHandler                        0x0800227c   Section        0  stm32f4xx_it.o(i.TIM4_IRQHandler)
    i.TIM5_IRQHandler                        0x080022c8   Section        0  stm32f4xx_it.o(i.TIM5_IRQHandler)
    i.TIM_Base_SetConfig                     0x080022d4   Section        0  stm32f4xx_hal_tim.o(i.TIM_Base_SetConfig)
    i.TIM_CCxChannelCmd                      0x0800236c   Section        0  stm32f4xx_hal_tim.o(i.TIM_CCxChannelCmd)
    i.TIM_ETR_SetConfig                      0x08002386   Section        0  stm32f4xx_hal_tim.o(i.TIM_ETR_SetConfig)
    i.TIM_ITRx_SetConfig                     0x0800239a   Section        0  stm32f4xx_hal_tim.o(i.TIM_ITRx_SetConfig)
    TIM_ITRx_SetConfig                       0x0800239b   Thumb Code    16  stm32f4xx_hal_tim.o(i.TIM_ITRx_SetConfig)
    i.TIM_OC1_SetConfig                      0x080023ac   Section        0  stm32f4xx_hal_tim.o(i.TIM_OC1_SetConfig)
    TIM_OC1_SetConfig                        0x080023ad   Thumb Code    74  stm32f4xx_hal_tim.o(i.TIM_OC1_SetConfig)
    i.TIM_OC2_SetConfig                      0x080023fc   Section        0  stm32f4xx_hal_tim.o(i.TIM_OC2_SetConfig)
    i.TIM_OC3_SetConfig                      0x08002454   Section        0  stm32f4xx_hal_tim.o(i.TIM_OC3_SetConfig)
    TIM_OC3_SetConfig                        0x08002455   Thumb Code    82  stm32f4xx_hal_tim.o(i.TIM_OC3_SetConfig)
    i.TIM_OC4_SetConfig                      0x080024ac   Section        0  stm32f4xx_hal_tim.o(i.TIM_OC4_SetConfig)
    TIM_OC4_SetConfig                        0x080024ad   Thumb Code    64  stm32f4xx_hal_tim.o(i.TIM_OC4_SetConfig)
    i.TIM_TI1_ConfigInputStage               0x080024f0   Section        0  stm32f4xx_hal_tim.o(i.TIM_TI1_ConfigInputStage)
    TIM_TI1_ConfigInputStage                 0x080024f1   Thumb Code    34  stm32f4xx_hal_tim.o(i.TIM_TI1_ConfigInputStage)
    i.TIM_TI2_ConfigInputStage               0x08002512   Section        0  stm32f4xx_hal_tim.o(i.TIM_TI2_ConfigInputStage)
    TIM_TI2_ConfigInputStage                 0x08002513   Thumb Code    36  stm32f4xx_hal_tim.o(i.TIM_TI2_ConfigInputStage)
    i.UART_DMAAbortOnError                   0x08002536   Section        0  stm32f4xx_hal_uart.o(i.UART_DMAAbortOnError)
    UART_DMAAbortOnError                     0x08002537   Thumb Code    16  stm32f4xx_hal_uart.o(i.UART_DMAAbortOnError)
    i.UART_EndRxTransfer                     0x08002546   Section        0  stm32f4xx_hal_uart.o(i.UART_EndRxTransfer)
    UART_EndRxTransfer                       0x08002547   Thumb Code    78  stm32f4xx_hal_uart.o(i.UART_EndRxTransfer)
    i.UART_Receive_IT                        0x08002594   Section        0  stm32f4xx_hal_uart.o(i.UART_Receive_IT)
    UART_Receive_IT                          0x08002595   Thumb Code   192  stm32f4xx_hal_uart.o(i.UART_Receive_IT)
    i.UART_SetConfig                         0x08002654   Section        0  stm32f4xx_hal_uart.o(i.UART_SetConfig)
    UART_SetConfig                           0x08002655   Thumb Code   258  stm32f4xx_hal_uart.o(i.UART_SetConfig)
    i.UART_Start_Receive_IT                  0x08002760   Section        0  stm32f4xx_hal_uart.o(i.UART_Start_Receive_IT)
    i.USART1_IRQHandler                      0x0800279c   Section        0  stm32f4xx_it.o(i.USART1_IRQHandler)
    i.USART2_IRQHandler                      0x080027d4   Section        0  stm32f4xx_it.o(i.USART2_IRQHandler)
    i.UsageFault_Handler                     0x080027f8   Section        0  stm32f4xx_it.o(i.UsageFault_Handler)
    i.__NVIC_SetPriority                     0x080027fa   Section        0  stm32f4xx_hal_cortex.o(i.__NVIC_SetPriority)
    __NVIC_SetPriority                       0x080027fb   Thumb Code    32  stm32f4xx_hal_cortex.o(i.__NVIC_SetPriority)
    i.__hardfp_fabs                          0x0800281a   Section        0  fabs.o(i.__hardfp_fabs)
    i.main                                   0x08002830   Section        0  main.o(i.main)
    i.makeFreeRtosPriority                   0x080028c8   Section        0  cmsis_os.o(i.makeFreeRtosPriority)
    makeFreeRtosPriority                     0x080028c9   Thumb Code    12  cmsis_os.o(i.makeFreeRtosPriority)
    i.osDelay                                0x080028d4   Section        0  cmsis_os.o(i.osDelay)
    i.osKernelStart                          0x080028e2   Section        0  cmsis_os.o(i.osKernelStart)
    i.osThreadCreate                         0x080028ec   Section        0  cmsis_os.o(i.osThreadCreate)
    i.prvAddCurrentTaskToDelayedList         0x08002940   Section        0  tasks.o(i.prvAddCurrentTaskToDelayedList)
    prvAddCurrentTaskToDelayedList           0x08002941   Thumb Code   102  tasks.o(i.prvAddCurrentTaskToDelayedList)
    i.prvAddNewTaskToReadyList               0x080029b0   Section        0  tasks.o(i.prvAddNewTaskToReadyList)
    prvAddNewTaskToReadyList                 0x080029b1   Thumb Code   194  tasks.o(i.prvAddNewTaskToReadyList)
    i.prvDeleteTCB                           0x08002a80   Section        0  tasks.o(i.prvDeleteTCB)
    prvDeleteTCB                             0x08002a81   Thumb Code    52  tasks.o(i.prvDeleteTCB)
    i.prvHeapInit                            0x08002ab4   Section        0  heap_4.o(i.prvHeapInit)
    prvHeapInit                              0x08002ab5   Thumb Code    66  heap_4.o(i.prvHeapInit)
    i.prvIdleTask                            0x08002b00   Section        0  tasks.o(i.prvIdleTask)
    prvIdleTask                              0x08002b01   Thumb Code    82  tasks.o(i.prvIdleTask)
    i.prvInitialiseNewTask                   0x08002b60   Section        0  tasks.o(i.prvInitialiseNewTask)
    prvInitialiseNewTask                     0x08002b61   Thumb Code   152  tasks.o(i.prvInitialiseNewTask)
    i.prvInsertBlockIntoFreeList             0x08002bf8   Section        0  heap_4.o(i.prvInsertBlockIntoFreeList)
    prvInsertBlockIntoFreeList               0x08002bf9   Thumb Code    72  heap_4.o(i.prvInsertBlockIntoFreeList)
    i.prvResetNextTaskUnblockTime            0x08002c44   Section        0  tasks.o(i.prvResetNextTaskUnblockTime)
    prvResetNextTaskUnblockTime              0x08002c45   Thumb Code    26  tasks.o(i.prvResetNextTaskUnblockTime)
    i.prvTaskExitError                       0x08002c64   Section        0  port.o(i.prvTaskExitError)
    prvTaskExitError                         0x08002c65   Thumb Code    36  port.o(i.prvTaskExitError)
    i.pvPortMalloc                           0x08002c8c   Section        0  heap_4.o(i.pvPortMalloc)
    i.pxPortInitialiseStack                  0x08002d68   Section        0  port.o(i.pxPortInitialiseStack)
    i.uxListRemove                           0x08002d94   Section        0  list.o(i.uxListRemove)
    i.vApplicationGetIdleTaskMemory          0x08002dbc   Section        0  freertos.o(i.vApplicationGetIdleTaskMemory)
    i.vListInitialise                        0x08002dd0   Section        0  list.o(i.vListInitialise)
    i.vListInitialiseItem                    0x08002de6   Section        0  list.o(i.vListInitialiseItem)
    i.vListInsert                            0x08002dec   Section        0  list.o(i.vListInsert)
    i.vListInsertEnd                         0x08002e1c   Section        0  list.o(i.vListInsertEnd)
    i.vPortEnterCritical                     0x08002e34   Section        0  port.o(i.vPortEnterCritical)
    i.vPortExitCritical                      0x08002e74   Section        0  port.o(i.vPortExitCritical)
    i.vPortFree                              0x08002e9c   Section        0  heap_4.o(i.vPortFree)
    i.vPortSetupTimerInterrupt               0x08002f00   Section        0  port.o(i.vPortSetupTimerInterrupt)
    i.vTaskDelay                             0x08002f24   Section        0  tasks.o(i.vTaskDelay)
    i.vTaskStartScheduler                    0x08002f70   Section        0  tasks.o(i.vTaskStartScheduler)
    i.vTaskSuspendAll                        0x08002fdc   Section        0  tasks.o(i.vTaskSuspendAll)
    i.vTaskSwitchContext                     0x08002fec   Section        0  tasks.o(i.vTaskSwitchContext)
    i.xPortStartScheduler                    0x08003048   Section        0  port.o(i.xPortStartScheduler)
    i.xTaskCreate                            0x0800313c   Section        0  tasks.o(i.xTaskCreate)
    i.xTaskCreateStatic                      0x08003196   Section        0  tasks.o(i.xTaskCreateStatic)
    i.xTaskIncrementTick                     0x080031ec   Section        0  tasks.o(i.xTaskIncrementTick)
    i.xTaskResumeAll                         0x080032b8   Section        0  tasks.o(i.xTaskResumeAll)
    x$fpl$d2f                                0x0800337c   Section       98  d2f.o(x$fpl$d2f)
    $v0                                      0x0800337c   Number         0  d2f.o(x$fpl$d2f)
    x$fpl$dadd                               0x080033e0   Section      336  daddsub_clz.o(x$fpl$dadd)
    $v0                                      0x080033e0   Number         0  daddsub_clz.o(x$fpl$dadd)
    _dadd1                                   0x080033f1   Thumb Code     0  daddsub_clz.o(x$fpl$dadd)
    x$fpl$dcmpinf                            0x08003530   Section       24  dcmpi.o(x$fpl$dcmpinf)
    $v0                                      0x08003530   Number         0  dcmpi.o(x$fpl$dcmpinf)
    x$fpl$ddiv                               0x08003548   Section      688  ddiv.o(x$fpl$ddiv)
    $v0                                      0x08003548   Number         0  ddiv.o(x$fpl$ddiv)
    ddiv_entry                               0x0800354f   Thumb Code     0  ddiv.o(x$fpl$ddiv)
    x$fpl$dfixu                              0x080037f8   Section       90  dfixu.o(x$fpl$dfixu)
    $v0                                      0x080037f8   Number         0  dfixu.o(x$fpl$dfixu)
    x$fpl$dflt                               0x08003852   Section       46  dflt_clz.o(x$fpl$dflt)
    $v0                                      0x08003852   Number         0  dflt_clz.o(x$fpl$dflt)
    x$fpl$dleqf                              0x08003880   Section      120  dleqf.o(x$fpl$dleqf)
    $v0                                      0x08003880   Number         0  dleqf.o(x$fpl$dleqf)
    x$fpl$dmul                               0x080038f8   Section      340  dmul.o(x$fpl$dmul)
    $v0                                      0x080038f8   Number         0  dmul.o(x$fpl$dmul)
    x$fpl$dnaninf                            0x08003a4c   Section      156  dnaninf.o(x$fpl$dnaninf)
    $v0                                      0x08003a4c   Number         0  dnaninf.o(x$fpl$dnaninf)
    x$fpl$dretinf                            0x08003ae8   Section       12  dretinf.o(x$fpl$dretinf)
    $v0                                      0x08003ae8   Number         0  dretinf.o(x$fpl$dretinf)
    x$fpl$drleqf                             0x08003af4   Section      108  drleqf.o(x$fpl$drleqf)
    $v0                                      0x08003af4   Number         0  drleqf.o(x$fpl$drleqf)
    x$fpl$dsub                               0x08003b60   Section      468  daddsub_clz.o(x$fpl$dsub)
    $v0                                      0x08003b60   Number         0  daddsub_clz.o(x$fpl$dsub)
    _dsub1                                   0x08003b71   Thumb Code     0  daddsub_clz.o(x$fpl$dsub)
    x$fpl$f2d                                0x08003d34   Section       86  f2d.o(x$fpl$f2d)
    $v0                                      0x08003d34   Number         0  f2d.o(x$fpl$f2d)
    x$fpl$fnaninf                            0x08003d8a   Section      140  fnaninf.o(x$fpl$fnaninf)
    $v0                                      0x08003d8a   Number         0  fnaninf.o(x$fpl$fnaninf)
    x$fpl$fpinit                             0x08003e16   Section       10  fpinit.o(x$fpl$fpinit)
    $v0                                      0x08003e16   Number         0  fpinit.o(x$fpl$fpinit)
    x$fpl$fretinf                            0x08003e20   Section       10  fretinf.o(x$fpl$fretinf)
    $v0                                      0x08003e20   Number         0  fretinf.o(x$fpl$fretinf)
    x$fpl$usenofp                            0x08003e2a   Section        0  usenofp.o(x$fpl$usenofp)
    .constdata                               0x08003e2c   Section       28  freertos.o(.constdata)
    .constdata                               0x08003e48   Section       16  system_stm32f4xx.o(.constdata)
    .constdata                               0x08003e58   Section        8  system_stm32f4xx.o(.constdata)
    .conststring                             0x08003e60   Section       12  freertos.o(.conststring)
    .data                                    0x20000000   Section        4  mpu6050.o(.data)
    .data                                    0x20000008   Section       56  freertos.o(.data)
    .data                                    0x20000040   Section        1  stm32f4xx_it.o(.data)
    .data                                    0x20000048   Section      104  pid.o(.data)
    kp                                       0x20000048   Data           8  pid.o(.data)
    kd                                       0x20000050   Data           8  pid.o(.data)
    df                                       0x20000058   Data           8  pid.o(.data)
    out                                      0x20000060   Data           8  pid.o(.data)
    k                                        0x20000068   Data           8  pid.o(.data)
    last                                     0x20000070   Data           8  pid.o(.data)
    out                                      0x20000078   Data           8  pid.o(.data)
    kp                                       0x20000080   Data           8  pid.o(.data)
    ki                                       0x20000088   Data           8  pid.o(.data)
    p                                        0x20000090   Data           8  pid.o(.data)
    sum                                      0x20000098   Data           8  pid.o(.data)
    p_speed_last                             0x200000a0   Data           8  pid.o(.data)
    i                                        0x200000a8   Data           8  pid.o(.data)
    .data                                    0x200000b0   Section       12  stm32f4xx_hal.o(.data)
    .data                                    0x200000bc   Section        4  system_stm32f4xx.o(.data)
    .data                                    0x200000c0   Section       60  tasks.o(.data)
    uxDeletedTasksWaitingCleanUp             0x200000c4   Data           4  tasks.o(.data)
    uxCurrentNumberOfTasks                   0x200000c8   Data           4  tasks.o(.data)
    xTickCount                               0x200000cc   Data           4  tasks.o(.data)
    uxTopReadyPriority                       0x200000d0   Data           4  tasks.o(.data)
    xSchedulerRunning                        0x200000d4   Data           4  tasks.o(.data)
    xPendedTicks                             0x200000d8   Data           4  tasks.o(.data)
    xYieldPending                            0x200000dc   Data           4  tasks.o(.data)
    xNumOfOverflows                          0x200000e0   Data           4  tasks.o(.data)
    uxTaskNumber                             0x200000e4   Data           4  tasks.o(.data)
    xNextTaskUnblockTime                     0x200000e8   Data           4  tasks.o(.data)
    xIdleTaskHandle                          0x200000ec   Data           4  tasks.o(.data)
    uxSchedulerSuspended                     0x200000f0   Data           4  tasks.o(.data)
    pxDelayedTaskList                        0x200000f4   Data           4  tasks.o(.data)
    pxOverflowDelayedTaskList                0x200000f8   Data           4  tasks.o(.data)
    .data                                    0x200000fc   Section       32  heap_4.o(.data)
    pxEnd                                    0x200000fc   Data           4  heap_4.o(.data)
    xFreeBytesRemaining                      0x20000100   Data           4  heap_4.o(.data)
    xMinimumEverFreeBytesRemaining           0x20000104   Data           4  heap_4.o(.data)
    xNumberOfSuccessfulAllocations           0x20000108   Data           4  heap_4.o(.data)
    xNumberOfSuccessfulFrees                 0x2000010c   Data           4  heap_4.o(.data)
    xBlockAllocatedBit                       0x20000110   Data           4  heap_4.o(.data)
    xStart                                   0x20000114   Data           8  heap_4.o(.data)
    .data                                    0x2000011c   Section       12  port.o(.data)
    ucMaxSysCallPriority                     0x2000011c   Data           1  port.o(.data)
    uxCriticalNesting                        0x20000120   Data           4  port.o(.data)
    ulMaxPRIGROUPValue                       0x20000124   Data           4  port.o(.data)
    .bss                                     0x20000128   Section       23  mpu6050.o(.bss)
    .bss                                     0x2000013f   Section       11  freertos.o(.bss)
    .bss                                     0x2000014c   Section      596  freertos.o(.bss)
    xIdleTaskTCBBuffer                       0x2000014c   Data          84  freertos.o(.bss)
    xIdleStack                               0x200001a0   Data         512  freertos.o(.bss)
    .bss                                     0x200003a0   Section      288  tim.o(.bss)
    .bss                                     0x200004c0   Section      136  usart.o(.bss)
    .bss                                     0x20000548   Section       72  stm32f4xx_hal_timebase_tim.o(.bss)
    .bss                                     0x20000590   Section      240  tasks.o(.bss)
    pxReadyTasksLists                        0x20000590   Data         140  tasks.o(.bss)
    xDelayedTaskList1                        0x2000061c   Data          20  tasks.o(.bss)
    xDelayedTaskList2                        0x20000630   Data          20  tasks.o(.bss)
    xPendingReadyList                        0x20000644   Data          20  tasks.o(.bss)
    xTasksWaitingTermination                 0x20000658   Data          20  tasks.o(.bss)
    xSuspendedTaskList                       0x2000066c   Data          20  tasks.o(.bss)
    .bss                                     0x20000680   Section    15360  heap_4.o(.bss)
    ucHeap                                   0x20000680   Data       15360  heap_4.o(.bss)
    .bss                                     0x20004280   Section       96  libspace.o(.bss)
    HEAP                                     0x200042e0   Section      512  startup_stm32f411xe.o(HEAP)
    Heap_Mem                                 0x200042e0   Data         512  startup_stm32f411xe.o(HEAP)
    STACK                                    0x200044e0   Section     1024  startup_stm32f411xe.o(STACK)
    Stack_Mem                                0x200044e0   Data        1024  startup_stm32f411xe.o(STACK)
    __initial_sp                             0x200048e0   Data           0  startup_stm32f411xe.o(STACK)

    Global Symbols

    Symbol Name                              Value     Ov Type        Size  Object(Section)

    BuildAttributes$$THM_ISAv4$E$P$D$K$B$S$7EM$VFPi3$EXTD16$VFPS$VFMA$PE$A:L22UL41UL21$X:L11$S22US41US21$IEEE1$IW$USESV6$~STKCKD$USESV7$~SHL$OTIME$ROPI$IEEEJ$EBA8$UX$STANDARDLIB$REQ8$PRES8$EABIv2 0x00000000   Number         0  anon$$obj.o ABSOLUTE
    __ARM_use_no_argv                        0x00000000   Number         0  main.o ABSOLUTE
    __ARM_exceptions_init                     - Undefined Weak Reference
    __alloca_initialize                       - Undefined Weak Reference
    __arm_preinit_                            - Undefined Weak Reference
    __cpp_initialize__aeabi_                  - Undefined Weak Reference
    __cxa_finalize                            - Undefined Weak Reference
    __rt_locale                               - Undefined Weak Reference
    __sigvec_lookup                           - Undefined Weak Reference
    _atexit_init                              - Undefined Weak Reference
    _call_atexit_fns                          - Undefined Weak Reference
    _clock_init                               - Undefined Weak Reference
    _fp_trap_init                             - Undefined Weak Reference
    _fp_trap_shutdown                         - Undefined Weak Reference
    _get_lc_collate                           - Undefined Weak Reference
    _get_lc_ctype                             - Undefined Weak Reference
    _get_lc_monetary                          - Undefined Weak Reference
    _get_lc_numeric                           - Undefined Weak Reference
    _get_lc_time                              - Undefined Weak Reference
    _getenv_init                              - Undefined Weak Reference
    _handle_redirection                       - Undefined Weak Reference
    _init_alloc                               - Undefined Weak Reference
    _init_user_alloc                          - Undefined Weak Reference
    _initio                                   - Undefined Weak Reference
    _rand_init                                - Undefined Weak Reference
    _signal_finish                            - Undefined Weak Reference
    _signal_init                              - Undefined Weak Reference
    _terminate_alloc                          - Undefined Weak Reference
    _terminate_user_alloc                     - Undefined Weak Reference
    _terminateio                              - Undefined Weak Reference
    __Vectors_Size                           0x00000198   Number         0  startup_stm32f411xe.o ABSOLUTE
    __Vectors                                0x08000000   Data           4  startup_stm32f411xe.o(RESET)
    __Vectors_End                            0x08000198   Data           0  startup_stm32f411xe.o(RESET)
    __main                                   0x08000199   Thumb Code     8  __main.o(!!!main)
    __scatterload                            0x080001a1   Thumb Code     0  __scatter.o(!!!scatter)
    __scatterload_rt2                        0x080001a1   Thumb Code    44  __scatter.o(!!!scatter)
    __scatterload_rt2_thumb_only             0x080001a1   Thumb Code     0  __scatter.o(!!!scatter)
    __scatterload_null                       0x080001af   Thumb Code     0  __scatter.o(!!!scatter)
    __scatterload_copy                       0x080001d5   Thumb Code    26  __scatter_copy.o(!!handler_copy)
    __scatterload_zeroinit                   0x080001f1   Thumb Code    28  __scatter_zi.o(!!handler_zi)
    __rt_lib_init                            0x0800020d   Thumb Code     0  libinit.o(.ARM.Collect$$libinit$$00000000)
    __rt_lib_init_fp_1                       0x0800020f   Thumb Code     0  libinit2.o(.ARM.Collect$$libinit$$00000001)
    __rt_lib_init_alloca_1                   0x08000213   Thumb Code     0  libinit2.o(.ARM.Collect$$libinit$$0000002E)
    __rt_lib_init_argv_1                     0x08000213   Thumb Code     0  libinit2.o(.ARM.Collect$$libinit$$0000002C)
    __rt_lib_init_atexit_1                   0x08000213   Thumb Code     0  libinit2.o(.ARM.Collect$$libinit$$0000001B)
    __rt_lib_init_clock_1                    0x08000213   Thumb Code     0  libinit2.o(.ARM.Collect$$libinit$$00000021)
    __rt_lib_init_cpp_1                      0x08000213   Thumb Code     0  libinit2.o(.ARM.Collect$$libinit$$00000032)
    __rt_lib_init_exceptions_1               0x08000213   Thumb Code     0  libinit2.o(.ARM.Collect$$libinit$$00000030)
    __rt_lib_init_fp_trap_1                  0x08000213   Thumb Code     0  libinit2.o(.ARM.Collect$$libinit$$0000001F)
    __rt_lib_init_getenv_1                   0x08000213   Thumb Code     0  libinit2.o(.ARM.Collect$$libinit$$00000023)
    __rt_lib_init_heap_1                     0x08000213   Thumb Code     0  libinit2.o(.ARM.Collect$$libinit$$0000000A)
    __rt_lib_init_lc_collate_1               0x08000213   Thumb Code     0  libinit2.o(.ARM.Collect$$libinit$$00000011)
    __rt_lib_init_lc_ctype_1                 0x08000213   Thumb Code     0  libinit2.o(.ARM.Collect$$libinit$$00000013)
    __rt_lib_init_lc_monetary_1              0x08000213   Thumb Code     0  libinit2.o(.ARM.Collect$$libinit$$00000015)
    __rt_lib_init_lc_numeric_1               0x08000213   Thumb Code     0  libinit2.o(.ARM.Collect$$libinit$$00000017)
    __rt_lib_init_lc_time_1                  0x08000213   Thumb Code     0  libinit2.o(.ARM.Collect$$libinit$$00000019)
    __rt_lib_init_preinit_1                  0x08000213   Thumb Code     0  libinit2.o(.ARM.Collect$$libinit$$00000004)
    __rt_lib_init_rand_1                     0x08000213   Thumb Code     0  libinit2.o(.ARM.Collect$$libinit$$0000000E)
    __rt_lib_init_return                     0x08000213   Thumb Code     0  libinit2.o(.ARM.Collect$$libinit$$00000033)
    __rt_lib_init_signal_1                   0x08000213   Thumb Code     0  libinit2.o(.ARM.Collect$$libinit$$0000001D)
    __rt_lib_init_stdio_1                    0x08000213   Thumb Code     0  libinit2.o(.ARM.Collect$$libinit$$00000025)
    __rt_lib_init_user_alloc_1               0x08000213   Thumb Code     0  libinit2.o(.ARM.Collect$$libinit$$0000000C)
    __rt_lib_shutdown                        0x08000215   Thumb Code     0  libshutdown.o(.ARM.Collect$$libshutdown$$00000000)
    __rt_lib_shutdown_cpp_1                  0x08000217   Thumb Code     0  libshutdown2.o(.ARM.Collect$$libshutdown$$00000002)
    __rt_lib_shutdown_fp_trap_1              0x08000217   Thumb Code     0  libshutdown2.o(.ARM.Collect$$libshutdown$$00000007)
    __rt_lib_shutdown_heap_1                 0x08000217   Thumb Code     0  libshutdown2.o(.ARM.Collect$$libshutdown$$0000000F)
    __rt_lib_shutdown_return                 0x08000217   Thumb Code     0  libshutdown2.o(.ARM.Collect$$libshutdown$$00000010)
    __rt_lib_shutdown_signal_1               0x08000217   Thumb Code     0  libshutdown2.o(.ARM.Collect$$libshutdown$$0000000A)
    __rt_lib_shutdown_stdio_1                0x08000217   Thumb Code     0  libshutdown2.o(.ARM.Collect$$libshutdown$$00000004)
    __rt_lib_shutdown_user_alloc_1           0x08000217   Thumb Code     0  libshutdown2.o(.ARM.Collect$$libshutdown$$0000000C)
    __rt_entry                               0x08000219   Thumb Code     0  __rtentry.o(.ARM.Collect$$rtentry$$00000000)
    __rt_entry_presh_1                       0x08000219   Thumb Code     0  __rtentry2.o(.ARM.Collect$$rtentry$$00000002)
    __rt_entry_sh                            0x08000219   Thumb Code     0  __rtentry4.o(.ARM.Collect$$rtentry$$00000004)
    __rt_entry_li                            0x0800021f   Thumb Code     0  __rtentry2.o(.ARM.Collect$$rtentry$$0000000A)
    __rt_entry_postsh_1                      0x0800021f   Thumb Code     0  __rtentry2.o(.ARM.Collect$$rtentry$$00000009)
    __rt_entry_main                          0x08000223   Thumb Code     0  __rtentry2.o(.ARM.Collect$$rtentry$$0000000D)
    __rt_entry_postli_1                      0x08000223   Thumb Code     0  __rtentry2.o(.ARM.Collect$$rtentry$$0000000C)
    __rt_exit                                0x0800022b   Thumb Code     0  rtexit.o(.ARM.Collect$$rtexit$$00000000)
    __rt_exit_ls                             0x0800022d   Thumb Code     0  rtexit2.o(.ARM.Collect$$rtexit$$00000003)
    __rt_exit_prels_1                        0x0800022d   Thumb Code     0  rtexit2.o(.ARM.Collect$$rtexit$$00000002)
    __rt_exit_exit                           0x08000231   Thumb Code     0  rtexit2.o(.ARM.Collect$$rtexit$$00000004)
    SVC_Handler                              0x08000239   Thumb Code    28  port.o(.emb_text)
    __asm___6_port_c_39a90d8d__prvStartFirstTask 0x08000259   Thumb Code    36  port.o(.emb_text)
    __asm___6_port_c_39a90d8d__prvEnableVFP  0x08000281   Thumb Code    16  port.o(.emb_text)
    PendSV_Handler                           0x08000295   Thumb Code    88  port.o(.emb_text)
    vPortGetIPSR                             0x080002f1   Thumb Code     6  port.o(.emb_text)
    Reset_Handler                            0x080002f9   Thumb Code     8  startup_stm32f411xe.o(.text)
    ADC_IRQHandler                           0x08000313   Thumb Code     0  startup_stm32f411xe.o(.text)
    DMA1_Stream0_IRQHandler                  0x08000313   Thumb Code     0  startup_stm32f411xe.o(.text)
    DMA1_Stream1_IRQHandler                  0x08000313   Thumb Code     0  startup_stm32f411xe.o(.text)
    DMA1_Stream2_IRQHandler                  0x08000313   Thumb Code     0  startup_stm32f411xe.o(.text)
    DMA1_Stream3_IRQHandler                  0x08000313   Thumb Code     0  startup_stm32f411xe.o(.text)
    DMA1_Stream4_IRQHandler                  0x08000313   Thumb Code     0  startup_stm32f411xe.o(.text)
    DMA1_Stream5_IRQHandler                  0x08000313   Thumb Code     0  startup_stm32f411xe.o(.text)
    DMA1_Stream6_IRQHandler                  0x08000313   Thumb Code     0  startup_stm32f411xe.o(.text)
    DMA1_Stream7_IRQHandler                  0x08000313   Thumb Code     0  startup_stm32f411xe.o(.text)
    DMA2_Stream0_IRQHandler                  0x08000313   Thumb Code     0  startup_stm32f411xe.o(.text)
    DMA2_Stream1_IRQHandler                  0x08000313   Thumb Code     0  startup_stm32f411xe.o(.text)
    DMA2_Stream2_IRQHandler                  0x08000313   Thumb Code     0  startup_stm32f411xe.o(.text)
    DMA2_Stream3_IRQHandler                  0x08000313   Thumb Code     0  startup_stm32f411xe.o(.text)
    DMA2_Stream4_IRQHandler                  0x08000313   Thumb Code     0  startup_stm32f411xe.o(.text)
    DMA2_Stream5_IRQHandler                  0x08000313   Thumb Code     0  startup_stm32f411xe.o(.text)
    DMA2_Stream6_IRQHandler                  0x08000313   Thumb Code     0  startup_stm32f411xe.o(.text)
    DMA2_Stream7_IRQHandler                  0x08000313   Thumb Code     0  startup_stm32f411xe.o(.text)
    EXTI0_IRQHandler                         0x08000313   Thumb Code     0  startup_stm32f411xe.o(.text)
    EXTI15_10_IRQHandler                     0x08000313   Thumb Code     0  startup_stm32f411xe.o(.text)
    EXTI1_IRQHandler                         0x08000313   Thumb Code     0  startup_stm32f411xe.o(.text)
    EXTI2_IRQHandler                         0x08000313   Thumb Code     0  startup_stm32f411xe.o(.text)
    EXTI3_IRQHandler                         0x08000313   Thumb Code     0  startup_stm32f411xe.o(.text)
    EXTI4_IRQHandler                         0x08000313   Thumb Code     0  startup_stm32f411xe.o(.text)
    EXTI9_5_IRQHandler                       0x08000313   Thumb Code     0  startup_stm32f411xe.o(.text)
    FLASH_IRQHandler                         0x08000313   Thumb Code     0  startup_stm32f411xe.o(.text)
    FPU_IRQHandler                           0x08000313   Thumb Code     0  startup_stm32f411xe.o(.text)
    I2C1_ER_IRQHandler                       0x08000313   Thumb Code     0  startup_stm32f411xe.o(.text)
    I2C1_EV_IRQHandler                       0x08000313   Thumb Code     0  startup_stm32f411xe.o(.text)
    I2C2_ER_IRQHandler                       0x08000313   Thumb Code     0  startup_stm32f411xe.o(.text)
    I2C2_EV_IRQHandler                       0x08000313   Thumb Code     0  startup_stm32f411xe.o(.text)
    I2C3_ER_IRQHandler                       0x08000313   Thumb Code     0  startup_stm32f411xe.o(.text)
    I2C3_EV_IRQHandler                       0x08000313   Thumb Code     0  startup_stm32f411xe.o(.text)
    OTG_FS_IRQHandler                        0x08000313   Thumb Code     0  startup_stm32f411xe.o(.text)
    OTG_FS_WKUP_IRQHandler                   0x08000313   Thumb Code     0  startup_stm32f411xe.o(.text)
    PVD_IRQHandler                           0x08000313   Thumb Code     0  startup_stm32f411xe.o(.text)
    RCC_IRQHandler                           0x08000313   Thumb Code     0  startup_stm32f411xe.o(.text)
    RTC_Alarm_IRQHandler                     0x08000313   Thumb Code     0  startup_stm32f411xe.o(.text)
    RTC_WKUP_IRQHandler                      0x08000313   Thumb Code     0  startup_stm32f411xe.o(.text)
    SDIO_IRQHandler                          0x08000313   Thumb Code     0  startup_stm32f411xe.o(.text)
    SPI1_IRQHandler                          0x08000313   Thumb Code     0  startup_stm32f411xe.o(.text)
    SPI2_IRQHandler                          0x08000313   Thumb Code     0  startup_stm32f411xe.o(.text)
    SPI3_IRQHandler                          0x08000313   Thumb Code     0  startup_stm32f411xe.o(.text)
    SPI4_IRQHandler                          0x08000313   Thumb Code     0  startup_stm32f411xe.o(.text)
    SPI5_IRQHandler                          0x08000313   Thumb Code     0  startup_stm32f411xe.o(.text)
    TAMP_STAMP_IRQHandler                    0x08000313   Thumb Code     0  startup_stm32f411xe.o(.text)
    TIM1_BRK_TIM9_IRQHandler                 0x08000313   Thumb Code     0  startup_stm32f411xe.o(.text)
    TIM1_CC_IRQHandler                       0x08000313   Thumb Code     0  startup_stm32f411xe.o(.text)
    TIM1_TRG_COM_TIM11_IRQHandler            0x08000313   Thumb Code     0  startup_stm32f411xe.o(.text)
    TIM1_UP_TIM10_IRQHandler                 0x08000313   Thumb Code     0  startup_stm32f411xe.o(.text)
    TIM2_IRQHandler                          0x08000313   Thumb Code     0  startup_stm32f411xe.o(.text)
    TIM3_IRQHandler                          0x08000313   Thumb Code     0  startup_stm32f411xe.o(.text)
    USART6_IRQHandler                        0x08000313   Thumb Code     0  startup_stm32f411xe.o(.text)
    WWDG_IRQHandler                          0x08000313   Thumb Code     0  startup_stm32f411xe.o(.text)
    __user_initial_stackheap                 0x08000315   Thumb Code     0  startup_stm32f411xe.o(.text)
    __aeabi_uldivmod                         0x08000339   Thumb Code     0  lludivv7m.o(.text)
    _ll_udiv                                 0x08000339   Thumb Code   238  lludivv7m.o(.text)
    __aeabi_memcpy4                          0x08000427   Thumb Code     0  rt_memcpy_w.o(.text)
    __aeabi_memcpy8                          0x08000427   Thumb Code     0  rt_memcpy_w.o(.text)
    __rt_memcpy_w                            0x08000427   Thumb Code   100  rt_memcpy_w.o(.text)
    _memcpy_lastbytes_aligned                0x0800046f   Thumb Code     0  rt_memcpy_w.o(.text)
    __aeabi_memclr4                          0x0800048b   Thumb Code     0  rt_memclr_w.o(.text)
    __aeabi_memclr8                          0x0800048b   Thumb Code     0  rt_memclr_w.o(.text)
    __rt_memclr_w                            0x0800048b   Thumb Code    78  rt_memclr_w.o(.text)
    _memset_w                                0x0800048f   Thumb Code     0  rt_memclr_w.o(.text)
    __use_two_region_memory                  0x080004d9   Thumb Code     2  heapauxi.o(.text)
    __rt_heap_escrow$2region                 0x080004db   Thumb Code     2  heapauxi.o(.text)
    __rt_heap_expand$2region                 0x080004dd   Thumb Code     2  heapauxi.o(.text)
    __user_setup_stackheap                   0x080004df   Thumb Code    74  sys_stackheap_outer.o(.text)
    exit                                     0x08000529   Thumb Code    18  exit.o(.text)
    __user_libspace                          0x0800053d   Thumb Code     8  libspace.o(.text)
    __user_perproc_libspace                  0x0800053d   Thumb Code     0  libspace.o(.text)
    __user_perthread_libspace                0x0800053d   Thumb Code     0  libspace.o(.text)
    _sys_exit                                0x08000545   Thumb Code     8  sys_exit.o(.text)
    __I$use$semihosting                      0x08000551   Thumb Code     0  use_no_semi.o(.text)
    __use_no_semihosting_swi                 0x08000551   Thumb Code     2  use_no_semi.o(.text)
    BusFault_Handler                         0x08000553   Thumb Code     2  stm32f4xx_it.o(i.BusFault_Handler)
    __semihosting_library_function           0x08000553   Thumb Code     0  indicate_semi.o(.text)
    DebugMon_Handler                         0x08000555   Thumb Code     2  stm32f4xx_it.o(i.DebugMon_Handler)
    Error_Handler                            0x08000557   Thumb Code     4  main.o(i.Error_Handler)
    HAL_DMA_Abort                            0x0800055b   Thumb Code   146  stm32f4xx_hal_dma.o(i.HAL_DMA_Abort)
    HAL_DMA_Abort_IT                         0x080005ed   Thumb Code    36  stm32f4xx_hal_dma.o(i.HAL_DMA_Abort_IT)
    HAL_GPIO_Init                            0x08000611   Thumb Code   446  stm32f4xx_hal_gpio.o(i.HAL_GPIO_Init)
    HAL_GPIO_WritePin                        0x080007f1   Thumb Code    10  stm32f4xx_hal_gpio.o(i.HAL_GPIO_WritePin)
    HAL_GetTick                              0x080007fd   Thumb Code     6  stm32f4xx_hal.o(i.HAL_GetTick)
    HAL_IncTick                              0x08000809   Thumb Code    12  stm32f4xx_hal.o(i.HAL_IncTick)
    HAL_Init                                 0x08000819   Thumb Code    48  stm32f4xx_hal.o(i.HAL_Init)
    HAL_InitTick                             0x0800084d   Thumb Code   132  stm32f4xx_hal_timebase_tim.o(i.HAL_InitTick)
    HAL_MspInit                              0x080008e5   Thumb Code    52  stm32f4xx_hal_msp.o(i.HAL_MspInit)
    HAL_NVIC_EnableIRQ                       0x0800091d   Thumb Code    26  stm32f4xx_hal_cortex.o(i.HAL_NVIC_EnableIRQ)
    HAL_NVIC_SetPriority                     0x08000939   Thumb Code    60  stm32f4xx_hal_cortex.o(i.HAL_NVIC_SetPriority)
    HAL_NVIC_SetPriorityGrouping             0x08000979   Thumb Code    26  stm32f4xx_hal_cortex.o(i.HAL_NVIC_SetPriorityGrouping)
    HAL_RCC_ClockConfig                      0x0800099d   Thumb Code   288  stm32f4xx_hal_rcc.o(i.HAL_RCC_ClockConfig)
    HAL_RCC_GetClockConfig                   0x08000ad1   Thumb Code    54  stm32f4xx_hal_rcc.o(i.HAL_RCC_GetClockConfig)
    HAL_RCC_GetPCLK1Freq                     0x08000b11   Thumb Code    20  stm32f4xx_hal_rcc.o(i.HAL_RCC_GetPCLK1Freq)
    HAL_RCC_GetPCLK2Freq                     0x08000b31   Thumb Code    20  stm32f4xx_hal_rcc.o(i.HAL_RCC_GetPCLK2Freq)
    HAL_RCC_GetSysClockFreq                  0x08000b51   Thumb Code    88  stm32f4xx_hal_rcc.o(i.HAL_RCC_GetSysClockFreq)
    HAL_RCC_OscConfig                        0x08000bb1   Thumb Code   856  stm32f4xx_hal_rcc.o(i.HAL_RCC_OscConfig)
    HAL_TIMEx_BreakCallback                  0x08000f1d   Thumb Code     2  stm32f4xx_hal_tim_ex.o(i.HAL_TIMEx_BreakCallback)
    HAL_TIMEx_CommutCallback                 0x08000f1f   Thumb Code     2  stm32f4xx_hal_tim_ex.o(i.HAL_TIMEx_CommutCallback)
    HAL_TIMEx_MasterConfigSynchronization    0x08000f21   Thumb Code   104  stm32f4xx_hal_tim_ex.o(i.HAL_TIMEx_MasterConfigSynchronization)
    HAL_TIM_Base_Init                        0x08000f9d   Thumb Code    90  stm32f4xx_hal_tim.o(i.HAL_TIM_Base_Init)
    HAL_TIM_Base_MspInit                     0x08000ff9   Thumb Code    50  tim.o(i.HAL_TIM_Base_MspInit)
    HAL_TIM_Base_Start                       0x08001035   Thumb Code    78  stm32f4xx_hal_tim.o(i.HAL_TIM_Base_Start)
    HAL_TIM_Base_Start_IT                    0x08001099   Thumb Code    88  stm32f4xx_hal_tim.o(i.HAL_TIM_Base_Start_IT)
    HAL_TIM_ConfigClockSource                0x08001105   Thumb Code   220  stm32f4xx_hal_tim.o(i.HAL_TIM_ConfigClockSource)
    HAL_TIM_Encoder_Init                     0x080011e1   Thumb Code   164  stm32f4xx_hal_tim.o(i.HAL_TIM_Encoder_Init)
    HAL_TIM_Encoder_MspInit                  0x08001285   Thumb Code   138  tim.o(i.HAL_TIM_Encoder_MspInit)
    HAL_TIM_IC_CaptureCallback               0x0800131d   Thumb Code     2  stm32f4xx_hal_tim.o(i.HAL_TIM_IC_CaptureCallback)
    HAL_TIM_IRQHandler                       0x0800131f   Thumb Code   358  stm32f4xx_hal_tim.o(i.HAL_TIM_IRQHandler)
    HAL_TIM_MspPostInit                      0x08001485   Thumb Code    68  tim.o(i.HAL_TIM_MspPostInit)
    HAL_TIM_OC_DelayElapsedCallback          0x080014d5   Thumb Code     2  stm32f4xx_hal_tim.o(i.HAL_TIM_OC_DelayElapsedCallback)
    HAL_TIM_PWM_ConfigChannel                0x080014d7   Thumb Code   204  stm32f4xx_hal_tim.o(i.HAL_TIM_PWM_ConfigChannel)
    HAL_TIM_PWM_Init                         0x080015a3   Thumb Code    90  stm32f4xx_hal_tim.o(i.HAL_TIM_PWM_Init)
    HAL_TIM_PWM_MspInit                      0x080015fd   Thumb Code    30  tim.o(i.HAL_TIM_PWM_MspInit)
    HAL_TIM_PWM_PulseFinishedCallback        0x08001625   Thumb Code     2  stm32f4xx_hal_tim.o(i.HAL_TIM_PWM_PulseFinishedCallback)
    HAL_TIM_PWM_Start                        0x08001629   Thumb Code   156  stm32f4xx_hal_tim.o(i.HAL_TIM_PWM_Start)
    HAL_TIM_PeriodElapsedCallback            0x080016d9   Thumb Code    14  main.o(i.HAL_TIM_PeriodElapsedCallback)
    HAL_TIM_TriggerCallback                  0x080016ed   Thumb Code     2  stm32f4xx_hal_tim.o(i.HAL_TIM_TriggerCallback)
    HAL_UARTEx_RxEventCallback               0x080016ef   Thumb Code     2  stm32f4xx_hal_uart.o(i.HAL_UARTEx_RxEventCallback)
    HAL_UART_ErrorCallback                   0x080016f1   Thumb Code     2  stm32f4xx_hal_uart.o(i.HAL_UART_ErrorCallback)
    HAL_UART_IRQHandler                      0x080016f5   Thumb Code   610  stm32f4xx_hal_uart.o(i.HAL_UART_IRQHandler)
    HAL_UART_Init                            0x0800195d   Thumb Code    98  stm32f4xx_hal_uart.o(i.HAL_UART_Init)
    HAL_UART_MspInit                         0x080019c1   Thumb Code   184  usart.o(i.HAL_UART_MspInit)
    HAL_UART_Receive_IT                      0x08001a89   Thumb Code    42  stm32f4xx_hal_uart.o(i.HAL_UART_Receive_IT)
    HAL_UART_RxCpltCallback                  0x08001ab3   Thumb Code     2  stm32f4xx_hal_uart.o(i.HAL_UART_RxCpltCallback)
    HAL_UART_TxCpltCallback                  0x08001ab5   Thumb Code     2  stm32f4xx_hal_uart.o(i.HAL_UART_TxCpltCallback)
    HardFault_Handler                        0x08001ab7   Thumb Code     2  stm32f4xx_it.o(i.HardFault_Handler)
    MPU6050_Data                             0x08001ab9   Thumb Code   186  mpu6050.o(i.MPU6050_Data)
    MX_FREERTOS_Init                         0x08001b9d   Thumb Code    30  freertos.o(i.MX_FREERTOS_Init)
    MX_GPIO_Init                             0x08001bc5   Thumb Code   172  gpio.o(i.MX_GPIO_Init)
    MX_TIM1_Init                             0x08001c81   Thumb Code   100  tim.o(i.MX_TIM1_Init)
    MX_TIM2_Init                             0x08001ced   Thumb Code   100  tim.o(i.MX_TIM2_Init)
    MX_TIM3_Init                             0x08001d55   Thumb Code   118  tim.o(i.MX_TIM3_Init)
    MX_TIM4_Init                             0x08001dd5   Thumb Code    94  tim.o(i.MX_TIM4_Init)
    MX_USART1_UART_Init                      0x08001e3d   Thumb Code    48  usart.o(i.MX_USART1_UART_Init)
    MX_USART2_UART_Init                      0x08001e75   Thumb Code    48  usart.o(i.MX_USART2_UART_Init)
    MemManage_Handler                        0x08001ead   Thumb Code     2  stm32f4xx_it.o(i.MemManage_Handler)
    NMI_Handler                              0x08001eaf   Thumb Code     2  stm32f4xx_it.o(i.NMI_Handler)
    PID_angle_out                            0x08001eb1   Thumb Code   122  pid.o(i.PID_angle_out)
    PID_speed_out                            0x08001f31   Thumb Code   250  pid.o(i.PID_speed_out)
    StartDefaultTask                         0x08002059   Thumb Code   300  freertos.o(i.StartDefaultTask)
    SysTick_Handler                          0x080021b1   Thumb Code    38  port.o(i.SysTick_Handler)
    SystemClock_Config                       0x080021dd   Thumb Code   134  main.o(i.SystemClock_Config)
    SystemInit                               0x0800226d   Thumb Code    12  system_stm32f4xx.o(i.SystemInit)
    TIM4_IRQHandler                          0x0800227d   Thumb Code    46  stm32f4xx_it.o(i.TIM4_IRQHandler)
    TIM5_IRQHandler                          0x080022c9   Thumb Code     6  stm32f4xx_it.o(i.TIM5_IRQHandler)
    TIM_Base_SetConfig                       0x080022d5   Thumb Code   122  stm32f4xx_hal_tim.o(i.TIM_Base_SetConfig)
    TIM_CCxChannelCmd                        0x0800236d   Thumb Code    26  stm32f4xx_hal_tim.o(i.TIM_CCxChannelCmd)
    TIM_ETR_SetConfig                        0x08002387   Thumb Code    20  stm32f4xx_hal_tim.o(i.TIM_ETR_SetConfig)
    TIM_OC2_SetConfig                        0x080023fd   Thumb Code    84  stm32f4xx_hal_tim.o(i.TIM_OC2_SetConfig)
    UART_Start_Receive_IT                    0x08002761   Thumb Code    58  stm32f4xx_hal_uart.o(i.UART_Start_Receive_IT)
    USART1_IRQHandler                        0x0800279d   Thumb Code    44  stm32f4xx_it.o(i.USART1_IRQHandler)
    USART2_IRQHandler                        0x080027d5   Thumb Code    28  stm32f4xx_it.o(i.USART2_IRQHandler)
    UsageFault_Handler                       0x080027f9   Thumb Code     2  stm32f4xx_it.o(i.UsageFault_Handler)
    __hardfp_fabs                            0x0800281b   Thumb Code    20  fabs.o(i.__hardfp_fabs)
    main                                     0x08002831   Thumb Code   116  main.o(i.main)
    osDelay                                  0x080028d5   Thumb Code    14  cmsis_os.o(i.osDelay)
    osKernelStart                            0x080028e3   Thumb Code    10  cmsis_os.o(i.osKernelStart)
    osThreadCreate                           0x080028ed   Thumb Code    84  cmsis_os.o(i.osThreadCreate)
    pvPortMalloc                             0x08002c8d   Thumb Code   216  heap_4.o(i.pvPortMalloc)
    pxPortInitialiseStack                    0x08002d69   Thumb Code    40  port.o(i.pxPortInitialiseStack)
    uxListRemove                             0x08002d95   Thumb Code    38  list.o(i.uxListRemove)
    vApplicationGetIdleTaskMemory            0x08002dbd   Thumb Code    16  freertos.o(i.vApplicationGetIdleTaskMemory)
    vListInitialise                          0x08002dd1   Thumb Code    22  list.o(i.vListInitialise)
    vListInitialiseItem                      0x08002de7   Thumb Code     6  list.o(i.vListInitialiseItem)
    vListInsert                              0x08002ded   Thumb Code    48  list.o(i.vListInsert)
    vListInsertEnd                           0x08002e1d   Thumb Code    24  list.o(i.vListInsertEnd)
    vPortEnterCritical                       0x08002e35   Thumb Code    54  port.o(i.vPortEnterCritical)
    vPortExitCritical                        0x08002e75   Thumb Code    34  port.o(i.vPortExitCritical)
    vPortFree                                0x08002e9d   Thumb Code    94  heap_4.o(i.vPortFree)
    vPortSetupTimerInterrupt                 0x08002f01   Thumb Code    32  port.o(i.vPortSetupTimerInterrupt)
    vTaskDelay                               0x08002f25   Thumb Code    66  tasks.o(i.vTaskDelay)
    vTaskStartScheduler                      0x08002f71   Thumb Code    90  tasks.o(i.vTaskStartScheduler)
    vTaskSuspendAll                          0x08002fdd   Thumb Code    10  tasks.o(i.vTaskSuspendAll)
    vTaskSwitchContext                       0x08002fed   Thumb Code    82  tasks.o(i.vTaskSwitchContext)
    xPortStartScheduler                      0x08003049   Thumb Code   222  port.o(i.xPortStartScheduler)
    xTaskCreate                              0x0800313d   Thumb Code    90  tasks.o(i.xTaskCreate)
    xTaskCreateStatic                        0x08003197   Thumb Code    86  tasks.o(i.xTaskCreateStatic)
    xTaskIncrementTick                       0x080031ed   Thumb Code   194  tasks.o(i.xTaskIncrementTick)
    xTaskResumeAll                           0x080032b9   Thumb Code   182  tasks.o(i.xTaskResumeAll)
    __aeabi_d2f                              0x0800337d   Thumb Code     0  d2f.o(x$fpl$d2f)
    _d2f                                     0x0800337d   Thumb Code    98  d2f.o(x$fpl$d2f)
    __aeabi_dadd                             0x080033e1   Thumb Code     0  daddsub_clz.o(x$fpl$dadd)
    _dadd                                    0x080033e1   Thumb Code   332  daddsub_clz.o(x$fpl$dadd)
    __fpl_dcmp_Inf                           0x08003531   Thumb Code    24  dcmpi.o(x$fpl$dcmpinf)
    __aeabi_ddiv                             0x08003549   Thumb Code     0  ddiv.o(x$fpl$ddiv)
    _ddiv                                    0x08003549   Thumb Code   552  ddiv.o(x$fpl$ddiv)
    __aeabi_d2uiz                            0x080037f9   Thumb Code     0  dfixu.o(x$fpl$dfixu)
    _dfixu                                   0x080037f9   Thumb Code    90  dfixu.o(x$fpl$dfixu)
    __aeabi_i2d                              0x08003853   Thumb Code     0  dflt_clz.o(x$fpl$dflt)
    _dflt                                    0x08003853   Thumb Code    46  dflt_clz.o(x$fpl$dflt)
    __aeabi_cdcmple                          0x08003881   Thumb Code     0  dleqf.o(x$fpl$dleqf)
    _dcmple                                  0x08003881   Thumb Code   120  dleqf.o(x$fpl$dleqf)
    __fpl_dcmple_InfNaN                      0x080038e3   Thumb Code     0  dleqf.o(x$fpl$dleqf)
    __aeabi_dmul                             0x080038f9   Thumb Code     0  dmul.o(x$fpl$dmul)
    _dmul                                    0x080038f9   Thumb Code   332  dmul.o(x$fpl$dmul)
    __fpl_dnaninf                            0x08003a4d   Thumb Code   156  dnaninf.o(x$fpl$dnaninf)
    __fpl_dretinf                            0x08003ae9   Thumb Code    12  dretinf.o(x$fpl$dretinf)
    __aeabi_cdrcmple                         0x08003af5   Thumb Code     0  drleqf.o(x$fpl$drleqf)
    _drcmple                                 0x08003af5   Thumb Code   108  drleqf.o(x$fpl$drleqf)
    __aeabi_dsub                             0x08003b61   Thumb Code     0  daddsub_clz.o(x$fpl$dsub)
    _dsub                                    0x08003b61   Thumb Code   464  daddsub_clz.o(x$fpl$dsub)
    __aeabi_f2d                              0x08003d35   Thumb Code     0  f2d.o(x$fpl$f2d)
    _f2d                                     0x08003d35   Thumb Code    86  f2d.o(x$fpl$f2d)
    __fpl_fnaninf                            0x08003d8b   Thumb Code   140  fnaninf.o(x$fpl$fnaninf)
    _fp_init                                 0x08003e17   Thumb Code    10  fpinit.o(x$fpl$fpinit)
    __fplib_config_fpu_vfp                   0x08003e1f   Thumb Code     0  fpinit.o(x$fpl$fpinit)
    __fplib_config_pureend_doubles           0x08003e1f   Thumb Code     0  fpinit.o(x$fpl$fpinit)
    __fpl_fretinf                            0x08003e21   Thumb Code    10  fretinf.o(x$fpl$fretinf)
    __I$use$fp                               0x08003e2a   Number         0  usenofp.o(x$fpl$usenofp)
    AHBPrescTable                            0x08003e48   Data          16  system_stm32f4xx.o(.constdata)
    APBPrescTable                            0x08003e58   Data           8  system_stm32f4xx.o(.constdata)
    Region$$Table$$Base                      0x08003e6c   Number         0  anon$$obj.o(Region$$Table)
    Region$$Table$$Limit                     0x08003e8c   Number         0  anon$$obj.o(Region$$Table)
    T                                        0x20000000   Data           4  mpu6050.o(.data)
    right_encoderB                           0x20000008   Data           4  freertos.o(.data)
    left_encoderA                            0x2000000c   Data           4  freertos.o(.data)
    defaultTaskHandle                        0x20000010   Data           4  freertos.o(.data)
    right_PWMB                               0x20000018   Data           8  freertos.o(.data)
    left_PWMA                                0x20000020   Data           8  freertos.o(.data)
    PWM                                      0x20000028   Data           8  freertos.o(.data)
    angle_PWM                                0x20000030   Data           8  freertos.o(.data)
    speed_PWM                                0x20000038   Data           8  freertos.o(.data)
    receiveBt                                0x20000040   Data           1  stm32f4xx_it.o(.data)
    uwTickFreq                               0x200000b0   Data           1  stm32f4xx_hal.o(.data)
    uwTickPrio                               0x200000b4   Data           4  stm32f4xx_hal.o(.data)
    uwTick                                   0x200000b8   Data           4  stm32f4xx_hal.o(.data)
    SystemCoreClock                          0x200000bc   Data           4  system_stm32f4xx.o(.data)
    pxCurrentTCB                             0x200000c0   Data           4  tasks.o(.data)
    angle                                    0x20000128   Data          12  mpu6050.o(.bss)
    Temp                                     0x20000134   Data          11  mpu6050.o(.bss)
    rebuf                                    0x2000013f   Data          11  freertos.o(.bss)
    htim1                                    0x200003a0   Data          72  tim.o(.bss)
    htim2                                    0x200003e8   Data          72  tim.o(.bss)
    htim3                                    0x20000430   Data          72  tim.o(.bss)
    htim4                                    0x20000478   Data          72  tim.o(.bss)
    huart1                                   0x200004c0   Data          68  usart.o(.bss)
    huart2                                   0x20000504   Data          68  usart.o(.bss)
    htim5                                    0x20000548   Data          72  stm32f4xx_hal_timebase_tim.o(.bss)
    __libspace_start                         0x20004280   Data          96  libspace.o(.bss)
    __temporary_stack_top$libspace           0x200042e0   Data           0  libspace.o(.bss)



==============================================================================

Memory Map of the image

  Image Entry point : 0x08000199

  Load Region LR_IROM1 (Base: 0x08000000, Size: 0x00003fb4, Max: 0x00040000, ABSOLUTE)

    Execution Region ER_IROM1 (Exec base: 0x08000000, Load base: 0x08000000, Size: 0x00003e8c, Max: 0x00040000, ABSOLUTE)

    Exec Addr    Load Addr    Size         Type   Attr      Idx    E Section Name        Object

    0x08000000   0x08000000   0x00000198   Data   RO            3    RESET               startup_stm32f411xe.o
    0x08000198   0x08000198   0x00000008   Code   RO         4507  * !!!main             c_w.l(__main.o)
    0x080001a0   0x080001a0   0x00000034   Code   RO         4723    !!!scatter          c_w.l(__scatter.o)
    0x080001d4   0x080001d4   0x0000001a   Code   RO         4725    !!handler_copy      c_w.l(__scatter_copy.o)
    0x080001ee   0x080001ee   0x00000002   PAD
    0x080001f0   0x080001f0   0x0000001c   Code   RO         4727    !!handler_zi        c_w.l(__scatter_zi.o)
    0x0800020c   0x0800020c   0x00000002   Code   RO         4593    .ARM.Collect$$libinit$$00000000  c_w.l(libinit.o)
    0x0800020e   0x0800020e   0x00000004   Code   RO         4605    .ARM.Collect$$libinit$$00000001  c_w.l(libinit2.o)
    0x08000212   0x08000212   0x00000000   Code   RO         4608    .ARM.Collect$$libinit$$00000004  c_w.l(libinit2.o)
    0x08000212   0x08000212   0x00000000   Code   RO         4611    .ARM.Collect$$libinit$$0000000A  c_w.l(libinit2.o)
    0x08000212   0x08000212   0x00000000   Code   RO         4613    .ARM.Collect$$libinit$$0000000C  c_w.l(libinit2.o)
    0x08000212   0x08000212   0x00000000   Code   RO         4615    .ARM.Collect$$libinit$$0000000E  c_w.l(libinit2.o)
    0x08000212   0x08000212   0x00000000   Code   RO         4618    .ARM.Collect$$libinit$$00000011  c_w.l(libinit2.o)
    0x08000212   0x08000212   0x00000000   Code   RO         4620    .ARM.Collect$$libinit$$00000013  c_w.l(libinit2.o)
    0x08000212   0x08000212   0x00000000   Code   RO         4622    .ARM.Collect$$libinit$$00000015  c_w.l(libinit2.o)
    0x08000212   0x08000212   0x00000000   Code   RO         4624    .ARM.Collect$$libinit$$00000017  c_w.l(libinit2.o)
    0x08000212   0x08000212   0x00000000   Code   RO         4626    .ARM.Collect$$libinit$$00000019  c_w.l(libinit2.o)
    0x08000212   0x08000212   0x00000000   Code   RO         4628    .ARM.Collect$$libinit$$0000001B  c_w.l(libinit2.o)
    0x08000212   0x08000212   0x00000000   Code   RO         4630    .ARM.Collect$$libinit$$0000001D  c_w.l(libinit2.o)
    0x08000212   0x08000212   0x00000000   Code   RO         4632    .ARM.Collect$$libinit$$0000001F  c_w.l(libinit2.o)
    0x08000212   0x08000212   0x00000000   Code   RO         4634    .ARM.Collect$$libinit$$00000021  c_w.l(libinit2.o)
    0x08000212   0x08000212   0x00000000   Code   RO         4636    .ARM.Collect$$libinit$$00000023  c_w.l(libinit2.o)
    0x08000212   0x08000212   0x00000000   Code   RO         4638    .ARM.Collect$$libinit$$00000025  c_w.l(libinit2.o)
    0x08000212   0x08000212   0x00000000   Code   RO         4642    .ARM.Collect$$libinit$$0000002C  c_w.l(libinit2.o)
    0x08000212   0x08000212   0x00000000   Code   RO         4644    .ARM.Collect$$libinit$$0000002E  c_w.l(libinit2.o)
    0x08000212   0x08000212   0x00000000   Code   RO         4646    .ARM.Collect$$libinit$$00000030  c_w.l(libinit2.o)
    0x08000212   0x08000212   0x00000000   Code   RO         4648    .ARM.Collect$$libinit$$00000032  c_w.l(libinit2.o)
    0x08000212   0x08000212   0x00000002   Code   RO         4649    .ARM.Collect$$libinit$$00000033  c_w.l(libinit2.o)
    0x08000214   0x08000214   0x00000002   Code   RO         4680    .ARM.Collect$$libshutdown$$00000000  c_w.l(libshutdown.o)
    0x08000216   0x08000216   0x00000000   Code   RO         4706    .ARM.Collect$$libshutdown$$00000002  c_w.l(libshutdown2.o)
    0x08000216   0x08000216   0x00000000   Code   RO         4708    .ARM.Collect$$libshutdown$$00000004  c_w.l(libshutdown2.o)
    0x08000216   0x08000216   0x00000000   Code   RO         4711    .ARM.Collect$$libshutdown$$00000007  c_w.l(libshutdown2.o)
    0x08000216   0x08000216   0x00000000   Code   RO         4714    .ARM.Collect$$libshutdown$$0000000A  c_w.l(libshutdown2.o)
    0x08000216   0x08000216   0x00000000   Code   RO         4716    .ARM.Collect$$libshutdown$$0000000C  c_w.l(libshutdown2.o)
    0x08000216   0x08000216   0x00000000   Code   RO         4719    .ARM.Collect$$libshutdown$$0000000F  c_w.l(libshutdown2.o)
    0x08000216   0x08000216   0x00000002   Code   RO         4720    .ARM.Collect$$libshutdown$$00000010  c_w.l(libshutdown2.o)
    0x08000218   0x08000218   0x00000000   Code   RO         4545    .ARM.Collect$$rtentry$$00000000  c_w.l(__rtentry.o)
    0x08000218   0x08000218   0x00000000   Code   RO         4564    .ARM.Collect$$rtentry$$00000002  c_w.l(__rtentry2.o)
    0x08000218   0x08000218   0x00000006   Code   RO         4576    .ARM.Collect$$rtentry$$00000004  c_w.l(__rtentry4.o)
    0x0800021e   0x0800021e   0x00000000   Code   RO         4566    .ARM.Collect$$rtentry$$00000009  c_w.l(__rtentry2.o)
    0x0800021e   0x0800021e   0x00000004   Code   RO         4567    .ARM.Collect$$rtentry$$0000000A  c_w.l(__rtentry2.o)
    0x08000222   0x08000222   0x00000000   Code   RO         4569    .ARM.Collect$$rtentry$$0000000C  c_w.l(__rtentry2.o)
    0x08000222   0x08000222   0x00000008   Code   RO         4570    .ARM.Collect$$rtentry$$0000000D  c_w.l(__rtentry2.o)
    0x0800022a   0x0800022a   0x00000002   Code   RO         4597    .ARM.Collect$$rtexit$$00000000  c_w.l(rtexit.o)
    0x0800022c   0x0800022c   0x00000000   Code   RO         4653    .ARM.Collect$$rtexit$$00000002  c_w.l(rtexit2.o)
    0x0800022c   0x0800022c   0x00000004   Code   RO         4654    .ARM.Collect$$rtexit$$00000003  c_w.l(rtexit2.o)
    0x08000230   0x08000230   0x00000006   Code   RO         4655    .ARM.Collect$$rtexit$$00000004  c_w.l(rtexit2.o)
    0x08000236   0x08000236   0x00000002   PAD
    0x08000238   0x08000238   0x000000be   Code   RO         4416    .emb_text           port.o
    0x080002f6   0x080002f6   0x00000002   PAD
    0x080002f8   0x080002f8   0x00000040   Code   RO            4    .text               startup_stm32f411xe.o
    0x08000338   0x08000338   0x000000ee   Code   RO         4495    .text               c_w.l(lludivv7m.o)
    0x08000426   0x08000426   0x00000064   Code   RO         4499    .text               c_w.l(rt_memcpy_w.o)
    0x0800048a   0x0800048a   0x0000004e   Code   RO         4503    .text               c_w.l(rt_memclr_w.o)
    0x080004d8   0x080004d8   0x00000006   Code   RO         4505    .text               c_w.l(heapauxi.o)
    0x080004de   0x080004de   0x0000004a   Code   RO         4580    .text               c_w.l(sys_stackheap_outer.o)
    0x08000528   0x08000528   0x00000012   Code   RO         4582    .text               c_w.l(exit.o)
    0x0800053a   0x0800053a   0x00000002   PAD
    0x0800053c   0x0800053c   0x00000008   Code   RO         4594    .text               c_w.l(libspace.o)
    0x08000544   0x08000544   0x0000000c   Code   RO         4650    .text               c_w.l(sys_exit.o)
    0x08000550   0x08000550   0x00000002   Code   RO         4669    .text               c_w.l(use_no_semi.o)
    0x08000552   0x08000552   0x00000000   Code   RO         4671    .text               c_w.l(indicate_semi.o)
    0x08000552   0x08000552   0x00000002   Code   RO          457    i.BusFault_Handler  stm32f4xx_it.o
    0x08000554   0x08000554   0x00000002   Code   RO          458    i.DebugMon_Handler  stm32f4xx_it.o
    0x08000556   0x08000556   0x00000004   Code   RO           35    i.Error_Handler     main.o
    0x0800055a   0x0800055a   0x00000092   Code   RO         1140    i.HAL_DMA_Abort     stm32f4xx_hal_dma.o
    0x080005ec   0x080005ec   0x00000024   Code   RO         1141    i.HAL_DMA_Abort_IT  stm32f4xx_hal_dma.o
    0x08000610   0x08000610   0x000001e0   Code   RO         1033    i.HAL_GPIO_Init     stm32f4xx_hal_gpio.o
    0x080007f0   0x080007f0   0x0000000a   Code   RO         1037    i.HAL_GPIO_WritePin  stm32f4xx_hal_gpio.o
    0x080007fa   0x080007fa   0x00000002   PAD
    0x080007fc   0x080007fc   0x0000000c   Code   RO         1589    i.HAL_GetTick       stm32f4xx_hal.o
    0x08000808   0x08000808   0x00000010   Code   RO         1595    i.HAL_IncTick       stm32f4xx_hal.o
    0x08000818   0x08000818   0x00000034   Code   RO         1596    i.HAL_Init          stm32f4xx_hal.o
    0x0800084c   0x0800084c   0x00000098   Code   RO          566    i.HAL_InitTick      stm32f4xx_hal_timebase_tim.o
    0x080008e4   0x080008e4   0x00000038   Code   RO          542    i.HAL_MspInit       stm32f4xx_hal_msp.o
    0x0800091c   0x0800091c   0x0000001a   Code   RO         1446    i.HAL_NVIC_EnableIRQ  stm32f4xx_hal_cortex.o
    0x08000936   0x08000936   0x00000002   PAD
    0x08000938   0x08000938   0x00000040   Code   RO         1452    i.HAL_NVIC_SetPriority  stm32f4xx_hal_cortex.o
    0x08000978   0x08000978   0x00000024   Code   RO         1453    i.HAL_NVIC_SetPriorityGrouping  stm32f4xx_hal_cortex.o
    0x0800099c   0x0800099c   0x00000134   Code   RO          625    i.HAL_RCC_ClockConfig  stm32f4xx_hal_rcc.o
    0x08000ad0   0x08000ad0   0x00000040   Code   RO          629    i.HAL_RCC_GetClockConfig  stm32f4xx_hal_rcc.o
    0x08000b10   0x08000b10   0x00000020   Code   RO          632    i.HAL_RCC_GetPCLK1Freq  stm32f4xx_hal_rcc.o
    0x08000b30   0x08000b30   0x00000020   Code   RO          633    i.HAL_RCC_GetPCLK2Freq  stm32f4xx_hal_rcc.o
    0x08000b50   0x08000b50   0x00000060   Code   RO          634    i.HAL_RCC_GetSysClockFreq  stm32f4xx_hal_rcc.o
    0x08000bb0   0x08000bb0   0x0000036c   Code   RO          637    i.HAL_RCC_OscConfig  stm32f4xx_hal_rcc.o
    0x08000f1c   0x08000f1c   0x00000002   Code   RO         2540    i.HAL_TIMEx_BreakCallback  stm32f4xx_hal_tim_ex.o
    0x08000f1e   0x08000f1e   0x00000002   Code   RO         2541    i.HAL_TIMEx_CommutCallback  stm32f4xx_hal_tim_ex.o
    0x08000f20   0x08000f20   0x0000007c   Code   RO         2559    i.HAL_TIMEx_MasterConfigSynchronization  stm32f4xx_hal_tim_ex.o
    0x08000f9c   0x08000f9c   0x0000005a   Code   RO         1836    i.HAL_TIM_Base_Init  stm32f4xx_hal_tim.o
    0x08000ff6   0x08000ff6   0x00000002   PAD
    0x08000ff8   0x08000ff8   0x0000003c   Code   RO          320    i.HAL_TIM_Base_MspInit  tim.o
    0x08001034   0x08001034   0x00000064   Code   RO         1839    i.HAL_TIM_Base_Start  stm32f4xx_hal_tim.o
    0x08001098   0x08001098   0x0000006c   Code   RO         1841    i.HAL_TIM_Base_Start_IT  stm32f4xx_hal_tim.o
    0x08001104   0x08001104   0x000000dc   Code   RO         1845    i.HAL_TIM_ConfigClockSource  stm32f4xx_hal_tim.o
    0x080011e0   0x080011e0   0x000000a4   Code   RO         1857    i.HAL_TIM_Encoder_Init  stm32f4xx_hal_tim.o
    0x08001284   0x08001284   0x00000098   Code   RO          322    i.HAL_TIM_Encoder_MspInit  tim.o
    0x0800131c   0x0800131c   0x00000002   Code   RO         1870    i.HAL_TIM_IC_CaptureCallback  stm32f4xx_hal_tim.o
    0x0800131e   0x0800131e   0x00000166   Code   RO         1884    i.HAL_TIM_IRQHandler  stm32f4xx_hal_tim.o
    0x08001484   0x08001484   0x00000050   Code   RO          323    i.HAL_TIM_MspPostInit  tim.o
    0x080014d4   0x080014d4   0x00000002   Code   RO         1887    i.HAL_TIM_OC_DelayElapsedCallback  stm32f4xx_hal_tim.o
    0x080014d6   0x080014d6   0x000000cc   Code   RO         1908    i.HAL_TIM_PWM_ConfigChannel  stm32f4xx_hal_tim.o
    0x080015a2   0x080015a2   0x0000005a   Code   RO         1911    i.HAL_TIM_PWM_Init  stm32f4xx_hal_tim.o
    0x080015fc   0x080015fc   0x00000028   Code   RO          325    i.HAL_TIM_PWM_MspInit  tim.o
    0x08001624   0x08001624   0x00000002   Code   RO         1914    i.HAL_TIM_PWM_PulseFinishedCallback  stm32f4xx_hal_tim.o
    0x08001626   0x08001626   0x00000002   PAD
    0x08001628   0x08001628   0x000000b0   Code   RO         1916    i.HAL_TIM_PWM_Start  stm32f4xx_hal_tim.o
    0x080016d8   0x080016d8   0x00000014   Code   RO           36    i.HAL_TIM_PeriodElapsedCallback  main.o
    0x080016ec   0x080016ec   0x00000002   Code   RO         1927    i.HAL_TIM_TriggerCallback  stm32f4xx_hal_tim.o
    0x080016ee   0x080016ee   0x00000002   Code   RO         2818    i.HAL_UARTEx_RxEventCallback  stm32f4xx_hal_uart.o
    0x080016f0   0x080016f0   0x00000002   Code   RO         2832    i.HAL_UART_ErrorCallback  stm32f4xx_hal_uart.o
    0x080016f2   0x080016f2   0x00000002   PAD
    0x080016f4   0x080016f4   0x00000268   Code   RO         2835    i.HAL_UART_IRQHandler  stm32f4xx_hal_uart.o
    0x0800195c   0x0800195c   0x00000062   Code   RO         2836    i.HAL_UART_Init     stm32f4xx_hal_uart.o
    0x080019be   0x080019be   0x00000002   PAD
    0x080019c0   0x080019c0   0x000000c8   Code   RO          410    i.HAL_UART_MspInit  usart.o
    0x08001a88   0x08001a88   0x0000002a   Code   RO         2841    i.HAL_UART_Receive_IT  stm32f4xx_hal_uart.o
    0x08001ab2   0x08001ab2   0x00000002   Code   RO         2842    i.HAL_UART_RxCpltCallback  stm32f4xx_hal_uart.o
    0x08001ab4   0x08001ab4   0x00000002   Code   RO         2847    i.HAL_UART_TxCpltCallback  stm32f4xx_hal_uart.o
    0x08001ab6   0x08001ab6   0x00000002   Code   RO          459    i.HardFault_Handler  stm32f4xx_it.o
    0x08001ab8   0x08001ab8   0x000000e4   Code   RO           10    i.MPU6050_Data      mpu6050.o
    0x08001b9c   0x08001b9c   0x00000028   Code   RO          255    i.MX_FREERTOS_Init  freertos.o
    0x08001bc4   0x08001bc4   0x000000bc   Code   RO          231    i.MX_GPIO_Init      gpio.o
    0x08001c80   0x08001c80   0x0000006c   Code   RO          326    i.MX_TIM1_Init      tim.o
    0x08001cec   0x08001cec   0x00000068   Code   RO          327    i.MX_TIM2_Init      tim.o
    0x08001d54   0x08001d54   0x00000080   Code   RO          328    i.MX_TIM3_Init      tim.o
    0x08001dd4   0x08001dd4   0x00000068   Code   RO          329    i.MX_TIM4_Init      tim.o
    0x08001e3c   0x08001e3c   0x00000038   Code   RO          411    i.MX_USART1_UART_Init  usart.o
    0x08001e74   0x08001e74   0x00000038   Code   RO          412    i.MX_USART2_UART_Init  usart.o
    0x08001eac   0x08001eac   0x00000002   Code   RO          460    i.MemManage_Handler  stm32f4xx_it.o
    0x08001eae   0x08001eae   0x00000002   Code   RO          461    i.NMI_Handler       stm32f4xx_it.o
    0x08001eb0   0x08001eb0   0x00000080   Code   RO          602    i.PID_angle_out     pid.o
    0x08001f30   0x08001f30   0x00000128   Code   RO          603    i.PID_speed_out     pid.o
    0x08002058   0x08002058   0x00000158   Code   RO          256    i.StartDefaultTask  freertos.o
    0x080021b0   0x080021b0   0x0000002c   Code   RO         4417    i.SysTick_Handler   port.o
    0x080021dc   0x080021dc   0x00000090   Code   RO           37    i.SystemClock_Config  main.o
    0x0800226c   0x0800226c   0x00000010   Code   RO         3165    i.SystemInit        system_stm32f4xx.o
    0x0800227c   0x0800227c   0x0000004c   Code   RO          462    i.TIM4_IRQHandler   stm32f4xx_it.o
    0x080022c8   0x080022c8   0x0000000c   Code   RO          463    i.TIM5_IRQHandler   stm32f4xx_it.o
    0x080022d4   0x080022d4   0x00000098   Code   RO         1929    i.TIM_Base_SetConfig  stm32f4xx_hal_tim.o
    0x0800236c   0x0800236c   0x0000001a   Code   RO         1930    i.TIM_CCxChannelCmd  stm32f4xx_hal_tim.o
    0x08002386   0x08002386   0x00000014   Code   RO         1940    i.TIM_ETR_SetConfig  stm32f4xx_hal_tim.o
    0x0800239a   0x0800239a   0x00000010   Code   RO         1941    i.TIM_ITRx_SetConfig  stm32f4xx_hal_tim.o
    0x080023aa   0x080023aa   0x00000002   PAD
    0x080023ac   0x080023ac   0x00000050   Code   RO         1942    i.TIM_OC1_SetConfig  stm32f4xx_hal_tim.o
    0x080023fc   0x080023fc   0x00000058   Code   RO         1943    i.TIM_OC2_SetConfig  stm32f4xx_hal_tim.o
    0x08002454   0x08002454   0x00000058   Code   RO         1944    i.TIM_OC3_SetConfig  stm32f4xx_hal_tim.o
    0x080024ac   0x080024ac   0x00000044   Code   RO         1945    i.TIM_OC4_SetConfig  stm32f4xx_hal_tim.o
    0x080024f0   0x080024f0   0x00000022   Code   RO         1947    i.TIM_TI1_ConfigInputStage  stm32f4xx_hal_tim.o
    0x08002512   0x08002512   0x00000024   Code   RO         1949    i.TIM_TI2_ConfigInputStage  stm32f4xx_hal_tim.o
    0x08002536   0x08002536   0x00000010   Code   RO         2849    i.UART_DMAAbortOnError  stm32f4xx_hal_uart.o
    0x08002546   0x08002546   0x0000004e   Code   RO         2859    i.UART_EndRxTransfer  stm32f4xx_hal_uart.o
    0x08002594   0x08002594   0x000000c0   Code   RO         2861    i.UART_Receive_IT   stm32f4xx_hal_uart.o
    0x08002654   0x08002654   0x0000010c   Code   RO         2862    i.UART_SetConfig    stm32f4xx_hal_uart.o
    0x08002760   0x08002760   0x0000003a   Code   RO         2864    i.UART_Start_Receive_IT  stm32f4xx_hal_uart.o
    0x0800279a   0x0800279a   0x00000002   PAD
    0x0800279c   0x0800279c   0x00000038   Code   RO          464    i.USART1_IRQHandler  stm32f4xx_it.o
    0x080027d4   0x080027d4   0x00000024   Code   RO          465    i.USART2_IRQHandler  stm32f4xx_it.o
    0x080027f8   0x080027f8   0x00000002   Code   RO          466    i.UsageFault_Handler  stm32f4xx_it.o
    0x080027fa   0x080027fa   0x00000020   Code   RO         1459    i.__NVIC_SetPriority  stm32f4xx_hal_cortex.o
    0x0800281a   0x0800281a   0x00000014   Code   RO         4539    i.__hardfp_fabs     m_wm.l(fabs.o)
    0x0800282e   0x0800282e   0x00000002   PAD
    0x08002830   0x08002830   0x00000098   Code   RO           38    i.main              main.o
    0x080028c8   0x080028c8   0x0000000c   Code   RO         3982    i.makeFreeRtosPriority  cmsis_os.o
    0x080028d4   0x080028d4   0x0000000e   Code   RO         3984    i.osDelay           cmsis_os.o
    0x080028e2   0x080028e2   0x0000000a   Code   RO         3987    i.osKernelStart     cmsis_os.o
    0x080028ec   0x080028ec   0x00000054   Code   RO         4021    i.osThreadCreate    cmsis_os.o
    0x08002940   0x08002940   0x00000070   Code   RO         3664    i.prvAddCurrentTaskToDelayedList  tasks.o
    0x080029b0   0x080029b0   0x000000d0   Code   RO         3665    i.prvAddNewTaskToReadyList  tasks.o
    0x08002a80   0x08002a80   0x00000034   Code   RO         3666    i.prvDeleteTCB      tasks.o
    0x08002ab4   0x08002ab4   0x0000004c   Code   RO         4349    i.prvHeapInit       heap_4.o
    0x08002b00   0x08002b00   0x00000060   Code   RO         3667    i.prvIdleTask       tasks.o
    0x08002b60   0x08002b60   0x00000098   Code   RO         3668    i.prvInitialiseNewTask  tasks.o
    0x08002bf8   0x08002bf8   0x0000004c   Code   RO         4350    i.prvInsertBlockIntoFreeList  heap_4.o
    0x08002c44   0x08002c44   0x00000020   Code   RO         3669    i.prvResetNextTaskUnblockTime  tasks.o
    0x08002c64   0x08002c64   0x00000028   Code   RO         4418    i.prvTaskExitError  port.o
    0x08002c8c   0x08002c8c   0x000000dc   Code   RO         4351    i.pvPortMalloc      heap_4.o
    0x08002d68   0x08002d68   0x0000002c   Code   RO         4419    i.pxPortInitialiseStack  port.o
    0x08002d94   0x08002d94   0x00000026   Code   RO         3303    i.uxListRemove      list.o
    0x08002dba   0x08002dba   0x00000002   PAD
    0x08002dbc   0x08002dbc   0x00000014   Code   RO          257    i.vApplicationGetIdleTaskMemory  freertos.o
    0x08002dd0   0x08002dd0   0x00000016   Code   RO         3304    i.vListInitialise   list.o
    0x08002de6   0x08002de6   0x00000006   Code   RO         3305    i.vListInitialiseItem  list.o
    0x08002dec   0x08002dec   0x00000030   Code   RO         3306    i.vListInsert       list.o
    0x08002e1c   0x08002e1c   0x00000018   Code   RO         3307    i.vListInsertEnd    list.o
    0x08002e34   0x08002e34   0x00000040   Code   RO         4421    i.vPortEnterCritical  port.o
    0x08002e74   0x08002e74   0x00000028   Code   RO         4422    i.vPortExitCritical  port.o
    0x08002e9c   0x08002e9c   0x00000064   Code   RO         4352    i.vPortFree         heap_4.o
    0x08002f00   0x08002f00   0x00000024   Code   RO         4423    i.vPortSetupTimerInterrupt  port.o
    0x08002f24   0x08002f24   0x0000004c   Code   RO         3678    i.vTaskDelay        tasks.o
    0x08002f70   0x08002f70   0x0000006c   Code   RO         3691    i.vTaskStartScheduler  tasks.o
    0x08002fdc   0x08002fdc   0x00000010   Code   RO         3693    i.vTaskSuspendAll   tasks.o
    0x08002fec   0x08002fec   0x0000005c   Code   RO         3694    i.vTaskSwitchContext  tasks.o
    0x08003048   0x08003048   0x000000f4   Code   RO         4425    i.xPortStartScheduler  port.o
    0x0800313c   0x0800313c   0x0000005a   Code   RO         3697    i.xTaskCreate       tasks.o
    0x08003196   0x08003196   0x00000056   Code   RO         3698    i.xTaskCreateStatic  tasks.o
    0x080031ec   0x080031ec   0x000000cc   Code   RO         3705    i.xTaskIncrementTick  tasks.o
    0x080032b8   0x080032b8   0x000000c4   Code   RO         3711    i.xTaskResumeAll    tasks.o
    0x0800337c   0x0800337c   0x00000062   Code   RO         4509    x$fpl$d2f           fz_wm.l(d2f.o)
    0x080033de   0x080033de   0x00000002   PAD
    0x080033e0   0x080033e0   0x00000150   Code   RO         4511    x$fpl$dadd          fz_wm.l(daddsub_clz.o)
    0x08003530   0x08003530   0x00000018   Code   RO         4552    x$fpl$dcmpinf       fz_wm.l(dcmpi.o)
    0x08003548   0x08003548   0x000002b0   Code   RO         4518    x$fpl$ddiv          fz_wm.l(ddiv.o)
    0x080037f8   0x080037f8   0x0000005a   Code   RO         4521    x$fpl$dfixu         fz_wm.l(dfixu.o)
    0x08003852   0x08003852   0x0000002e   Code   RO         4526    x$fpl$dflt          fz_wm.l(dflt_clz.o)
    0x08003880   0x08003880   0x00000078   Code   RO         4531    x$fpl$dleqf         fz_wm.l(dleqf.o)
    0x080038f8   0x080038f8   0x00000154   Code   RO         4533    x$fpl$dmul          fz_wm.l(dmul.o)
    0x08003a4c   0x08003a4c   0x0000009c   Code   RO         4554    x$fpl$dnaninf       fz_wm.l(dnaninf.o)
    0x08003ae8   0x08003ae8   0x0000000c   Code   RO         4556    x$fpl$dretinf       fz_wm.l(dretinf.o)
    0x08003af4   0x08003af4   0x0000006c   Code   RO         4535    x$fpl$drleqf        fz_wm.l(drleqf.o)
    0x08003b60   0x08003b60   0x000001d4   Code   RO         4513    x$fpl$dsub          fz_wm.l(daddsub_clz.o)
    0x08003d34   0x08003d34   0x00000056   Code   RO         4537    x$fpl$f2d           fz_wm.l(f2d.o)
    0x08003d8a   0x08003d8a   0x0000008c   Code   RO         4558    x$fpl$fnaninf       fz_wm.l(fnaninf.o)
    0x08003e16   0x08003e16   0x0000000a   Code   RO         4665    x$fpl$fpinit        fz_wm.l(fpinit.o)
    0x08003e20   0x08003e20   0x0000000a   Code   RO         4560    x$fpl$fretinf       fz_wm.l(fretinf.o)
    0x08003e2a   0x08003e2a   0x00000000   Code   RO         4562    x$fpl$usenofp       fz_wm.l(usenofp.o)
    0x08003e2a   0x08003e2a   0x00000002   PAD
    0x08003e2c   0x08003e2c   0x0000001c   Data   RO          260    .constdata          freertos.o
    0x08003e48   0x08003e48   0x00000010   Data   RO         3166    .constdata          system_stm32f4xx.o
    0x08003e58   0x08003e58   0x00000008   Data   RO         3167    .constdata          system_stm32f4xx.o
    0x08003e60   0x08003e60   0x0000000c   Data   RO          261    .conststring        freertos.o
    0x08003e6c   0x08003e6c   0x00000020   Data   RO         4721    Region$$Table       anon$$obj.o


    Execution Region RW_IRAM1 (Exec base: 0x20000000, Load base: 0x08003e8c, Size: 0x000048e0, Max: 0x00020000, ABSOLUTE)

    Exec Addr    Load Addr    Size         Type   Attr      Idx    E Section Name        Object

    0x20000000   0x08003e8c   0x00000004   Data   RW           14    .data               mpu6050.o
    0x20000004   0x08003e90   0x00000004   PAD
    0x20000008   0x08003e94   0x00000038   Data   RW          262    .data               freertos.o
    0x20000040   0x08003ecc   0x00000001   Data   RW          467    .data               stm32f4xx_it.o
    0x20000041   0x08003ecd   0x00000007   PAD
    0x20000048   0x08003ed4   0x00000068   Data   RW          604    .data               pid.o
    0x200000b0   0x08003f3c   0x0000000c   Data   RW         1603    .data               stm32f4xx_hal.o
    0x200000bc   0x08003f48   0x00000004   Data   RW         3168    .data               system_stm32f4xx.o
    0x200000c0   0x08003f4c   0x0000003c   Data   RW         3714    .data               tasks.o
    0x200000fc   0x08003f88   0x00000020   Data   RW         4358    .data               heap_4.o
    0x2000011c   0x08003fa8   0x0000000c   Data   RW         4426    .data               port.o
    0x20000128        -       0x00000017   Zero   RW           13    .bss                mpu6050.o
    0x2000013f        -       0x0000000b   Zero   RW          258    .bss                freertos.o
    0x2000014a   0x08003fb4   0x00000002   PAD
    0x2000014c        -       0x00000254   Zero   RW          259    .bss                freertos.o
    0x200003a0        -       0x00000120   Zero   RW          330    .bss                tim.o
    0x200004c0        -       0x00000088   Zero   RW          413    .bss                usart.o
    0x20000548        -       0x00000048   Zero   RW          569    .bss                stm32f4xx_hal_timebase_tim.o
    0x20000590        -       0x000000f0   Zero   RW         3713    .bss                tasks.o
    0x20000680        -       0x00003c00   Zero   RW         4357    .bss                heap_4.o
    0x20004280        -       0x00000060   Zero   RW         4595    .bss                c_w.l(libspace.o)
    0x200042e0        -       0x00000200   Zero   RW            2    HEAP                startup_stm32f411xe.o
    0x200044e0        -       0x00000400   Zero   RW            1    STACK               startup_stm32f411xe.o


==============================================================================

Image component sizes


      Code (inc. data)   RO Data    RW Data    ZI Data      Debug   Object Name

       120          0          0          0          0      23409   cmsis_os.o
         0          0          0          0          0      16976   event_groups.o
       404         58         40         56        607       3291   freertos.o
       188         16          0          0          0        999   gpio.o
       472         24          0         32      15360       7495   heap_4.o
       138          0          0          0          0       3614   list.o
       320         52          0          0          0     452924   main.o
       228         42          0          4         23       3214   mpu6050.o
       424         52          0        104          0       1596   pid.o
       702         72          0         12          0      11084   port.o
        64         26        408          0       1536        852   startup_stm32f411xe.o
        80         14          0         12          0       7998   stm32f4xx_hal.o
       158         14          0          0          0      33222   stm32f4xx_hal_cortex.o
       182          0          0          0          0       2123   stm32f4xx_hal_dma.o
       490         34          0          0          0       2192   stm32f4xx_hal_gpio.o
        56          4          0          0          0        886   stm32f4xx_hal_msp.o
      1408         82          0          0          0       5957   stm32f4xx_hal_rcc.o
      2126        112          0          0          0      17940   stm32f4xx_hal_tim.o
       128         20          0          0          0       2489   stm32f4xx_hal_tim_ex.o
       152         20          0          0         72       1507   stm32f4xx_hal_timebase_tim.o
      1376         16          0          0          0       9886   stm32f4xx_hal_uart.o
       192         56          0          1          0       5161   stm32f4xx_it.o
        16          4         24          4          0       1151   system_stm32f4xx.o
      1520        112          0         60        240      19654   tasks.o
       776         78          0          0        288       5771   tim.o
       312         32          0          0        136       2491   usart.o

    ----------------------------------------------------------------------
     12052        940        504        296      18264     643882   Object Totals
         0          0         32          0          0          0   (incl. Generated)
        20          0          0         11          2          0   (incl. Padding)

    ----------------------------------------------------------------------

      Code (inc. data)   RO Data    RW Data    ZI Data      Debug   Library Member Name

         8          0          0          0          0         68   __main.o
         0          0          0          0          0          0   __rtentry.o
        12          0          0          0          0          0   __rtentry2.o
         6          0          0          0          0          0   __rtentry4.o
        52          8          0          0          0          0   __scatter.o
        26          0          0          0          0          0   __scatter_copy.o
        28          0          0          0          0          0   __scatter_zi.o
        18          0          0          0          0         80   exit.o
         6          0          0          0          0        152   heapauxi.o
         0          0          0          0          0          0   indicate_semi.o
         2          0          0          0          0          0   libinit.o
         6          0          0          0          0          0   libinit2.o
         2          0          0          0          0          0   libshutdown.o
         2          0          0          0          0          0   libshutdown2.o
         8          4          0          0         96         68   libspace.o
       238          0          0          0          0        100   lludivv7m.o
        78          0          0          0          0         80   rt_memclr_w.o
       100          0          0          0          0         80   rt_memcpy_w.o
         2          0          0          0          0          0   rtexit.o
        10          0          0          0          0          0   rtexit2.o
        12          4          0          0          0         68   sys_exit.o
        74          0          0          0          0         80   sys_stackheap_outer.o
         2          0          0          0          0         68   use_no_semi.o
        98          4          0          0          0        140   d2f.o
       804         16          0          0          0        368   daddsub_clz.o
        24          0          0          0          0        116   dcmpi.o
       688        140          0          0          0        256   ddiv.o
        90          4          0          0          0        140   dfixu.o
        46          0          0          0          0        116   dflt_clz.o
       120          4          0          0          0        140   dleqf.o
       340         12          0          0          0        152   dmul.o
       156          4          0          0          0        140   dnaninf.o
        12          0          0          0          0        116   dretinf.o
       108          0          0          0          0        128   drleqf.o
        86          4          0          0          0        132   f2d.o
       140          4          0          0          0        132   fnaninf.o
        10          0          0          0          0        116   fpinit.o
        10          0          0          0          0        116   fretinf.o
         0          0          0          0          0          0   usenofp.o
        20          0          0          0          0        124   fabs.o

    ----------------------------------------------------------------------
      3456        208          0          0         96       3276   Library Totals
        12          0          0          0          0          0   (incl. Padding)

    ----------------------------------------------------------------------

      Code (inc. data)   RO Data    RW Data    ZI Data      Debug   Library Name

       692         16          0          0         96        844   c_w.l
      2732        192          0          0          0       2308   fz_wm.l
        20          0          0          0          0        124   m_wm.l

    ----------------------------------------------------------------------
      3456        208          0          0         96       3276   Library Totals

    ----------------------------------------------------------------------

==============================================================================


      Code (inc. data)   RO Data    RW Data    ZI Data      Debug   

     15508       1148        504        296      18360     633446   Grand Totals
     15508       1148        504        296      18360     633446   ELF Image Totals
     15508       1148        504        296          0          0   ROM Totals

==============================================================================

    Total RO  Size (Code + RO Data)                16012 (  15.64kB)
    Total RW  Size (RW Data + ZI Data)             18656 (  18.22kB)
    Total ROM Size (Code + RO Data + RW Data)      16308 (  15.93kB)

==============================================================================

